<html>
<body>
<pre>
<h1>礦ision Build Log</h1>
<h2>Tool Versions:</h2>
IDE-Version: μVision V5.36.0.0
Copyright (C) 2021 ARM Ltd and ARM Germany GmbH. All rights reserved.
License Information: 1121 xcy, 213, LIC=LSNXV-P0KPV-X7DRZ-JTMV9-UVXY6-3U1QB
 
Tool Versions:
Toolchain:       MDK-ARM Plus  Version: 5.36.0.0
Toolchain Path:  C:\Keil_v5\ARM\ARMCC\Bin
C Compiler:      Armcc.exe V5.06 update 7 (build 960)
Assembler:       Armasm.exe V5.06 update 7 (build 960)
Linker/Locator:  ArmLink.exe V5.06 update 7 (build 960)
Library Manager: ArmAr.exe V5.06 update 7 (build 960)
Hex Converter:   FromElf.exe V5.06 update 7 (build 960)
CPU DLL:         SARMCM3.DLL V5.36.0.0
Dialog DLL:      DCM.DLL V1.17.3.0
Target DLL:      STLink\ST-LINKIII-KEIL_SWO.dll V3.0.9.0
Dialog DLL:      TCM.DLL V1.53.0.0
 
<h2>Project:</h2>
D:\Program Files (x86)\CX\STM32G4\ESP32_STM32G4_0701\MDK-ARM\ESP32_STM32G4_0701.uvprojx
Project File Date:  07/04/2024

<h2>Output:</h2>
*** Using Compiler 'V5.06 update 7 (build 960)', folder: 'C:\Keil_v5\ARM\ARMCC\Bin'
Build target 'ESP32_STM32G4_0701'
compiling app_freertos.c...
../Core/Src/app_freertos.c(246): warning:  #167-D: argument of type "char *" is incompatible with parameter of type "const uint8_t *"
      HAL_UART_Transmit(&huart2, data_send, len, 1000);
../Core/Src/app_freertos.c(270): warning:  #167-D: argument of type "uint8_t *" is incompatible with parameter of type "const char *"
          if(strcmp(data_rx, "OPEN") == 0)
../Core/Src/app_freertos.c(277): warning:  #167-D: argument of type "uint8_t *" is incompatible with parameter of type "const char *"
          else if(strcmp(data_rx, "CLOS") == 0)
../Core/Src/app_freertos.c(284): warning:  #167-D: argument of type "uint8_t *" is incompatible with parameter of type "const char *"
          else if(strcmp(data_rx, "high") == 0)
../Core/Src/app_freertos.c(292): warning:  #167-D: argument of type "uint8_t *" is incompatible with parameter of type "const char *"
          else if(strcmp(data_rx, "down") == 0)
../Core/Src/app_freertos.c(332): warning:  #167-D: argument of type "uint8_t *" is incompatible with parameter of type "const char *"
  if (strcmp(data_rx, "left") == 0)  
../Core/Src/app_freertos.c(340): warning:  #167-D: argument of type "uint8_t *" is incompatible with parameter of type "const char *"
  if (strcmp(data_rx, "righ") == 0)  
../Core/Src/app_freertos.c(423): warning:  #111-D: statement is unreachable
  		osDelay(1);
../Core/Src/app_freertos.c(364): warning:  #177-D: variable "y"  was declared but never referenced
      uint8_t y = 0; // 按钮按下标志
../Core/Src/app_freertos.c(548): warning:  #167-D: argument of type "char *" is incompatible with parameter of type "uint8_t *"
          OLED_ShowString(6*16, 16*1, buffer, 16, 1); // 档位值
../Core/Src/app_freertos.c: 10 warnings, 0 errors
linking...
Program Size: Code=27872 RO-data=8828 RW-data=196 ZI-data=16412  
FromELF: creating hex file...
"ESP32_STM32G4_0701\ESP32_STM32G4_0701.axf" - 0 Error(s), 10 Warning(s).

<h2>Software Packages used:</h2>

Package Vendor: ARM
                http://www.keil.com/pack/ARM.CMSIS.5.8.0.pack
                ARM.CMSIS.5.8.0
                CMSIS (Common Microcontroller Software Interface Standard)
   * Component: CORE Version: 5.5.0

Package Vendor: Keil
                http://www.keil.com/pack/Keil.STM32G4xx_DFP.1.4.0.pack
                Keil.STM32G4xx_DFP.1.4.0
                STMicroelectronics STM32G4 Series Device Support, Drivers and Examples

<h2>Collection of Component include folders:</h2>
  .\RTE\_ESP32_STM32G4_0701
  C:\Users\夏丛银\AppData\Local\Arm\Packs\ARM\CMSIS\5.8.0\CMSIS\Core\Include
  C:\Users\夏丛银\AppData\Local\Arm\Packs\Keil\STM32G4xx_DFP\1.4.0\Drivers\CMSIS\Device\ST\STM32G4xx\Include

<h2>Collection of Component Files used:</h2>

   * Component: ARM::CMSIS:CORE:5.5.0
      Include file:  CMSIS\Core\Include\tz_context.h
Build Time Elapsed:  00:00:03
</pre>
</body>
</html>
