Component: ARM Compiler 5.06 update 7 (build 960) Tool: armlink [4d3601]

==============================================================================

Section Cross References

    startup_stm32g431xx.o(RESET) refers to startup_stm32g431xx.o(STACK) for __initial_sp
    startup_stm32g431xx.o(RESET) refers to startup_stm32g431xx.o(.text) for Reset_Handler
    startup_stm32g431xx.o(RESET) refers to stm32g4xx_it.o(i.NMI_Handler) for NMI_Handler
    startup_stm32g431xx.o(RESET) refers to stm32g4xx_it.o(i.HardFault_Handler) for HardFault_Handler
    startup_stm32g431xx.o(RESET) refers to stm32g4xx_it.o(i.MemManage_Handler) for MemManage_Handler
    startup_stm32g431xx.o(RESET) refers to stm32g4xx_it.o(i.BusFault_Handler) for BusFault_Handler
    startup_stm32g431xx.o(RESET) refers to stm32g4xx_it.o(i.UsageFault_Handler) for UsageFault_Handler
    startup_stm32g431xx.o(RESET) refers to port.o(.emb_text) for SVC_Handler
    startup_stm32g431xx.o(RESET) refers to stm32g4xx_it.o(i.DebugMon_Handler) for DebugMon_Handler
    startup_stm32g431xx.o(RESET) refers to cmsis_os2.o(i.SysTick_Handler) for SysTick_Handler
    startup_stm32g431xx.o(RESET) refers to stm32g4xx_it.o(i.TIM2_IRQHandler) for TIM2_IRQHandler
    startup_stm32g431xx.o(RESET) refers to stm32g4xx_it.o(i.USART2_IRQHandler) for USART2_IRQHandler
    startup_stm32g431xx.o(RESET) refers to stm32g4xx_it.o(i.USART3_IRQHandler) for USART3_IRQHandler
    startup_stm32g431xx.o(.text) refers to system_stm32g4xx.o(i.SystemInit) for SystemInit
    startup_stm32g431xx.o(.text) refers to entry.o(.ARM.Collect$$$$00000000) for __main
    oled.o(i.I2C_Start) refers to stm32g4xx_hal_gpio.o(i.HAL_GPIO_WritePin) for HAL_GPIO_WritePin
    oled.o(i.I2C_Start) refers to oled.o(i.IIC_delay) for IIC_delay
    oled.o(i.I2C_Stop) refers to stm32g4xx_hal_gpio.o(i.HAL_GPIO_WritePin) for HAL_GPIO_WritePin
    oled.o(i.I2C_Stop) refers to oled.o(i.IIC_delay) for IIC_delay
    oled.o(i.I2C_WaitAck) refers to stm32g4xx_hal_gpio.o(i.HAL_GPIO_WritePin) for HAL_GPIO_WritePin
    oled.o(i.I2C_WaitAck) refers to oled.o(i.IIC_delay) for IIC_delay
    oled.o(i.OLED_Clear) refers to oled.o(i.OLED_Refresh) for OLED_Refresh
    oled.o(i.OLED_Clear) refers to oled.o(.bss) for .bss
    oled.o(i.OLED_ColorTurn) refers to oled.o(i.OLED_WR_Byte) for OLED_WR_Byte
    oled.o(i.OLED_DisPlay_Off) refers to oled.o(i.OLED_WR_Byte) for OLED_WR_Byte
    oled.o(i.OLED_DisPlay_On) refers to oled.o(i.OLED_WR_Byte) for OLED_WR_Byte
    oled.o(i.OLED_DisplayTurn) refers to oled.o(i.OLED_WR_Byte) for OLED_WR_Byte
    oled.o(i.OLED_DrawCircle) refers to oled.o(i.OLED_DrawPoint) for OLED_DrawPoint
    oled.o(i.OLED_DrawLine) refers to oled.o(i.OLED_DrawPoint) for OLED_DrawPoint
    oled.o(i.OLED_DrawPoint) refers to oled.o(.bss) for .bss
    oled.o(i.OLED_Init) refers to memseta.o(.text) for __aeabi_memclr4
    oled.o(i.OLED_Init) refers to stm32g4xx_hal_gpio.o(i.HAL_GPIO_WritePin) for HAL_GPIO_WritePin
    oled.o(i.OLED_Init) refers to stm32g4xx_hal_gpio.o(i.HAL_GPIO_Init) for HAL_GPIO_Init
    oled.o(i.OLED_Init) refers to oled.o(i.OLED_WR_Byte) for OLED_WR_Byte
    oled.o(i.OLED_Init) refers to oled.o(i.OLED_Clear) for OLED_Clear
    oled.o(i.OLED_Refresh) refers to oled.o(i.OLED_WR_Byte) for OLED_WR_Byte
    oled.o(i.OLED_Refresh) refers to oled.o(i.I2C_Start) for I2C_Start
    oled.o(i.OLED_Refresh) refers to oled.o(i.Send_Byte) for Send_Byte
    oled.o(i.OLED_Refresh) refers to oled.o(i.I2C_WaitAck) for I2C_WaitAck
    oled.o(i.OLED_Refresh) refers to oled.o(i.I2C_Stop) for I2C_Stop
    oled.o(i.OLED_Refresh) refers to oled.o(.bss) for .bss
    oled.o(i.OLED_ScrollDisplay) refers to oled.o(i.OLED_ShowChinese) for OLED_ShowChinese
    oled.o(i.OLED_ScrollDisplay) refers to oled.o(i.OLED_Refresh) for OLED_Refresh
    oled.o(i.OLED_ScrollDisplay) refers to oled.o(.bss) for .bss
    oled.o(i.OLED_ShowChar) refers to oled.o(i.OLED_DrawPoint) for OLED_DrawPoint
    oled.o(i.OLED_ShowChar) refers to oled.o(.constdata) for .constdata
    oled.o(i.OLED_ShowChinese) refers to oled.o(i.OLED_DrawPoint) for OLED_DrawPoint
    oled.o(i.OLED_ShowChinese) refers to oled.o(.constdata) for .constdata
    oled.o(i.OLED_ShowNum) refers to oled.o(i.OLED_Pow) for OLED_Pow
    oled.o(i.OLED_ShowNum) refers to oled.o(i.OLED_ShowChar) for OLED_ShowChar
    oled.o(i.OLED_ShowPicture) refers to oled.o(i.OLED_DrawPoint) for OLED_DrawPoint
    oled.o(i.OLED_ShowString) refers to oled.o(i.OLED_ShowChar) for OLED_ShowChar
    oled.o(i.OLED_WR_Byte) refers to oled.o(i.I2C_Start) for I2C_Start
    oled.o(i.OLED_WR_Byte) refers to oled.o(i.Send_Byte) for Send_Byte
    oled.o(i.OLED_WR_Byte) refers to oled.o(i.I2C_WaitAck) for I2C_WaitAck
    oled.o(i.OLED_WR_Byte) refers to oled.o(i.I2C_Stop) for I2C_Stop
    oled.o(i.Send_Byte) refers to stm32g4xx_hal_gpio.o(i.HAL_GPIO_WritePin) for HAL_GPIO_WritePin
    oled.o(i.Send_Byte) refers to oled.o(i.IIC_delay) for IIC_delay
[...]
    prvHeapInit                              0x0800584d   Thumb Code    64  heap_4.o(i.prvHeapInit)
    i.prvIdleTask                            0x08005894   Section        0  tasks.o(i.prvIdleTask)
    prvIdleTask                              0x08005895   Thumb Code    82  tasks.o(i.prvIdleTask)
    i.prvInitialiseNewQueue                  0x080058f4   Section        0  queue.o(i.prvInitialiseNewQueue)
    prvInitialiseNewQueue                    0x080058f5   Thumb Code    34  queue.o(i.prvInitialiseNewQueue)
    i.prvInitialiseNewTask                   0x08005918   Section        0  tasks.o(i.prvInitialiseNewTask)
    prvInitialiseNewTask                     0x08005919   Thumb Code   176  tasks.o(i.prvInitialiseNewTask)
    i.prvInsertBlockIntoFreeList             0x080059c8   Section        0  heap_4.o(i.prvInsertBlockIntoFreeList)
    prvInsertBlockIntoFreeList               0x080059c9   Thumb Code    72  heap_4.o(i.prvInsertBlockIntoFreeList)
    i.prvInsertTimerInActiveList             0x08005a14   Section        0  timers.o(i.prvInsertTimerInActiveList)
    prvInsertTimerInActiveList               0x08005a15   Thumb Code    52  timers.o(i.prvInsertTimerInActiveList)
    i.prvIsQueueEmpty                        0x08005a4c   Section        0  queue.o(i.prvIsQueueEmpty)
    prvIsQueueEmpty                          0x08005a4d   Thumb Code    28  queue.o(i.prvIsQueueEmpty)
    i.prvProcessReceivedCommands             0x08005a68   Section        0  timers.o(i.prvProcessReceivedCommands)
    prvProcessReceivedCommands               0x08005a69   Thumb Code   248  timers.o(i.prvProcessReceivedCommands)
    i.prvProcessTimerOrBlockTask             0x08005b64   Section        0  timers.o(i.prvProcessTimerOrBlockTask)
    prvProcessTimerOrBlockTask               0x08005b65   Thumb Code   182  timers.o(i.prvProcessTimerOrBlockTask)
    i.prvResetNextTaskUnblockTime            0x08005c24   Section        0  tasks.o(i.prvResetNextTaskUnblockTime)
    prvResetNextTaskUnblockTime              0x08005c25   Thumb Code    26  tasks.o(i.prvResetNextTaskUnblockTime)
    i.prvSampleTimeNow                       0x08005c44   Section        0  timers.o(i.prvSampleTimeNow)
    prvSampleTimeNow                         0x08005c45   Thumb Code    36  timers.o(i.prvSampleTimeNow)
    i.prvSwitchTimerLists                    0x08005c6c   Section        0  timers.o(i.prvSwitchTimerLists)
    prvSwitchTimerLists                      0x08005c6d   Thumb Code   104  timers.o(i.prvSwitchTimerLists)
    i.prvTaskExitError                       0x08005cd8   Section        0  port.o(i.prvTaskExitError)
    prvTaskExitError                         0x08005cd9   Thumb Code    36  port.o(i.prvTaskExitError)
    i.prvTimerTask                           0x08005d00   Section        0  timers.o(i.prvTimerTask)
    prvTimerTask                             0x08005d01   Thumb Code    32  timers.o(i.prvTimerTask)
    i.prvUnlockQueue                         0x08005d24   Section        0  queue.o(i.prvUnlockQueue)
    prvUnlockQueue                           0x08005d25   Thumb Code   106  queue.o(i.prvUnlockQueue)
    i.pvPortMalloc                           0x08005d90   Section        0  heap_4.o(i.pvPortMalloc)
    i.pxPortInitialiseStack                  0x08005e6c   Section        0  port.o(i.pxPortInitialiseStack)
    i.ulTaskNotifyTake                       0x08005e98   Section        0  tasks.o(i.ulTaskNotifyTake)
    i.uxListRemove                           0x08005f00   Section        0  list.o(i.uxListRemove)
    i.vApplicationGetIdleTaskMemory          0x08005f28   Section        0  cmsis_os2.o(i.vApplicationGetIdleTaskMemory)
    i.vApplicationGetTimerTaskMemory         0x08005f3c   Section        0  cmsis_os2.o(i.vApplicationGetTimerTaskMemory)
    i.vListInitialise                        0x08005f54   Section        0  list.o(i.vListInitialise)
    i.vListInitialiseItem                    0x08005f6a   Section        0  list.o(i.vListInitialiseItem)
    i.vListInsert                            0x08005f70   Section        0  list.o(i.vListInsert)
    i.vListInsertEnd                         0x08005fa0   Section        0  list.o(i.vListInsertEnd)
    i.vPortEnterCritical                     0x08005fb8   Section        0  port.o(i.vPortEnterCritical)
    i.vPortExitCritical                      0x08005ff8   Section        0  port.o(i.vPortExitCritical)
    i.vPortFree                              0x08006020   Section        0  heap_4.o(i.vPortFree)
    i.vPortSetupTimerInterrupt               0x08006084   Section        0  port.o(i.vPortSetupTimerInterrupt)
    i.vPortValidateInterruptPriority         0x080060a8   Section        0  port.o(i.vPortValidateInterruptPriority)
    i.vQueueAddToRegistry                    0x080060fc   Section        0  queue.o(i.vQueueAddToRegistry)
    i.vQueueWaitForMessageRestricted         0x08006124   Section        0  queue.o(i.vQueueWaitForMessageRestricted)
    i.vTaskDelay                             0x08006168   Section        0  tasks.o(i.vTaskDelay)
    i.vTaskInternalSetTimeOutState           0x080061b4   Section        0  tasks.o(i.vTaskInternalSetTimeOutState)
    i.vTaskMissedYield                       0x080061c4   Section        0  tasks.o(i.vTaskMissedYield)
    i.vTaskNotifyGiveFromISR                 0x080061d0   Section        0  tasks.o(i.vTaskNotifyGiveFromISR)
    i.vTaskPlaceOnEventList                  0x08006280   Section        0  tasks.o(i.vTaskPlaceOnEventList)
    i.vTaskPlaceOnEventListRestricted        0x080062b0   Section        0  tasks.o(i.vTaskPlaceOnEventListRestricted)
    i.vTaskStartScheduler                    0x080062e8   Section        0  tasks.o(i.vTaskStartScheduler)
    i.vTaskSuspendAll                        0x08006370   Section        0  tasks.o(i.vTaskSuspendAll)
    i.vTaskSwitchContext                     0x08006380   Section        0  tasks.o(i.vTaskSwitchContext)
    i.xPortStartScheduler                    0x080063e4   Section        0  port.o(i.xPortStartScheduler)
    i.xPortSysTickHandler                    0x080064d8   Section        0  port.o(i.xPortSysTickHandler)
    i.xQueueGenericCreate                    0x08006504   Section        0  queue.o(i.xQueueGenericCreate)
    i.xQueueGenericCreateStatic              0x08006546   Section        0  queue.o(i.xQueueGenericCreateStatic)
    i.xQueueGenericReset                     0x080065ac   Section        0  queue.o(i.xQueueGenericReset)
    i.xQueueGenericSend                      0x08006634   Section        0  queue.o(i.xQueueGenericSend)
    i.xQueueGenericSendFromISR               0x08006794   Section        0  queue.o(i.xQueueGenericSendFromISR)
    i.xQueueReceive                          0x08006854   Section        0  queue.o(i.xQueueReceive)
    i.xQueueReceiveFromISR                   0x0800698c   Section        0  queue.o(i.xQueueReceiveFromISR)
    i.xTaskCheckForTimeOut                   0x08006a28   Section        0  tasks.o(i.xTaskCheckForTimeOut)
    i.xTaskCreate                            0x08006a9c   Section        0  tasks.o(i.xTaskCreate)
    i.xTaskCreateStatic                      0x08006af6   Section        0  tasks.o(i.xTaskCreateStatic)
    i.xTaskGetSchedulerState                 0x08006b4c   Section        0  tasks.o(i.xTaskGetSchedulerState)
    i.xTaskGetTickCount                      0x08006b68   Section        0  tasks.o(i.xTaskGetTickCount)
    i.xTaskIncrementTick                     0x08006b74   Section        0  tasks.o(i.xTaskIncrementTick)
    i.xTaskPriorityDisinherit                0x08006c3c   Section        0  tasks.o(i.xTaskPriorityDisinherit)
    i.xTaskRemoveFromEventList               0x08006cbc   Section        0  tasks.o(i.xTaskRemoveFromEventList)
    i.xTaskResumeAll                         0x08006d2c   Section        0  tasks.o(i.xTaskResumeAll)
    i.xTimerCreateTimerTask                  0x08006df0   Section        0  timers.o(i.xTimerCreateTimerTask)
    i.xTimerGenericCommand                   0x08006e50   Section        0  timers.o(i.xTimerGenericCommand)
    .constdata                               0x08006eb8   Section     7888  oled.o(.constdata)
    .constdata                               0x08008d88   Section      276  app_freertos.o(.constdata)
    .constdata                               0x08008e9c   Section       24  stm32g4xx_hal_uart.o(.constdata)
    .constdata                               0x08008eb4   Section       16  stm32g4xx_hal_uart_ex.o(.constdata)
    numerator                                0x08008eb4   Data           8  stm32g4xx_hal_uart_ex.o(.constdata)
    denominator                              0x08008ebc   Data           8  stm32g4xx_hal_uart_ex.o(.constdata)
    .constdata                               0x08008ec4   Section       16  system_stm32g4xx.o(.constdata)
    .constdata                               0x08008ed4   Section        8  system_stm32g4xx.o(.constdata)
    .conststring                             0x08008edc   Section       96  app_freertos.o(.conststring)
    .data                                    0x20000000   Section       44  app_freertos.o(.data)
    .data                                    0x2000002c   Section        4  adc.o(.data)
    HAL_RCC_ADC12_CLK_ENABLED                0x2000002c   Data           4  adc.o(.data)
    .data                                    0x20000030   Section       12  stm32g4xx_hal.o(.data)
    .data                                    0x2000003c   Section        4  system_stm32g4xx.o(.data)
    .data                                    0x20000040   Section       60  tasks.o(.data)
    uxDeletedTasksWaitingCleanUp             0x20000044   Data           4  tasks.o(.data)
    uxCurrentNumberOfTasks                   0x20000048   Data           4  tasks.o(.data)
    xTickCount                               0x2000004c   Data           4  tasks.o(.data)
    uxTopReadyPriority                       0x20000050   Data           4  tasks.o(.data)
    xSchedulerRunning                        0x20000054   Data           4  tasks.o(.data)
    xPendedTicks                             0x20000058   Data           4  tasks.o(.data)
    xYieldPending                            0x2000005c   Data           4  tasks.o(.data)
    xNumOfOverflows                          0x20000060   Data           4  tasks.o(.data)
    uxTaskNumber                             0x20000064   Data           4  tasks.o(.data)
    xNextTaskUnblockTime                     0x20000068   Data           4  tasks.o(.data)
    xIdleTaskHandle                          0x2000006c   Data           4  tasks.o(.data)
    uxSchedulerSuspended                     0x20000070   Data           4  tasks.o(.data)
    pxDelayedTaskList                        0x20000074   Data           4  tasks.o(.data)
    pxOverflowDelayedTaskList                0x20000078   Data           4  tasks.o(.data)
    .data                                    0x2000007c   Section       20  timers.o(.data)
    xTimerQueue                              0x2000007c   Data           4  timers.o(.data)
    xTimerTaskHandle                         0x20000080   Data           4  timers.o(.data)
    xLastTime                                0x20000084   Data           4  timers.o(.data)
    pxCurrentTimerList                       0x20000088   Data           4  timers.o(.data)
    pxOverflowTimerList                      0x2000008c   Data           4  timers.o(.data)
    .data                                    0x20000090   Section        4  cmsis_os2.o(.data)
    KernelState                              0x20000090   Data           4  cmsis_os2.o(.data)
    .data                                    0x20000094   Section       32  heap_4.o(.data)
    pxEnd                                    0x20000094   Data           4  heap_4.o(.data)
    xFreeBytesRemaining                      0x20000098   Data           4  heap_4.o(.data)
    xMinimumEverFreeBytesRemaining           0x2000009c   Data           4  heap_4.o(.data)
    xNumberOfSuccessfulAllocations           0x200000a0   Data           4  heap_4.o(.data)
    xNumberOfSuccessfulFrees                 0x200000a4   Data           4  heap_4.o(.data)
    xBlockAllocatedBit                       0x200000a8   Data           4  heap_4.o(.data)
    xStart                                   0x200000ac   Data           8  heap_4.o(.data)
    .data                                    0x200000b4   Section       12  port.o(.data)
    ucMaxSysCallPriority                     0x200000b4   Data           1  port.o(.data)
    uxCriticalNesting                        0x200000b8   Data           4  port.o(.data)
    ulMaxPRIGROUPValue                       0x200000bc   Data           4  port.o(.data)
    .data                                    0x200000c0   Section        4  stdout.o(.data)
    .bss                                     0x200000c4   Section     1152  oled.o(.bss)
    .bss                                     0x20000544   Section       60  app_freertos.o(.bss)
    .bss                                     0x20000580   Section      216  adc.o(.bss)
    .bss                                     0x20000658   Section      152  tim.o(.bss)
    .bss                                     0x200006f0   Section      444  usart.o(.bss)
    .bss                                     0x200008ac   Section       76  stm32g4xx_hal_timebase_tim.o(.bss)
    .bss                                     0x200008f8   Section       64  queue.o(.bss)
    .bss                                     0x20000938   Section     1220  tasks.o(.bss)
    pxReadyTasksLists                        0x20000938   Data        1120  tasks.o(.bss)
    xDelayedTaskList1                        0x20000d98   Data          20  tasks.o(.bss)
    xDelayedTaskList2                        0x20000dac   Data          20  tasks.o(.bss)
    xPendingReadyList                        0x20000dc0   Data          20  tasks.o(.bss)
    xTasksWaitingTermination                 0x20000dd4   Data          20  tasks.o(.bss)
    xSuspendedTaskList                       0x20000de8   Data          20  tasks.o(.bss)
    .bss                                     0x20000dfc   Section      280  timers.o(.bss)
    xStaticTimerQueue                        0x20000dfc   Data          80  timers.o(.bss)
    ucStaticTimerQueueStorage                0x20000e4c   Data         160  timers.o(.bss)
    xActiveTimerList1                        0x20000eec   Data          20  timers.o(.bss)
    xActiveTimerList2                        0x20000f00   Data          20  timers.o(.bss)
    .bss                                     0x20000f14   Section     1720  cmsis_os2.o(.bss)
    Idle_TCB                                 0x20000f14   Data          92  cmsis_os2.o(.bss)
    Idle_Stack                               0x20000f70   Data         512  cmsis_os2.o(.bss)
    Timer_TCB                                0x20001170   Data          92  cmsis_os2.o(.bss)
    Timer_Stack                              0x200011cc   Data        1024  cmsis_os2.o(.bss)
    .bss                                     0x200015cc   Section    10000  heap_4.o(.bss)
    ucHeap                                   0x200015cc   Data       10000  heap_4.o(.bss)
    STACK                                    0x20003ce0   Section     1024  startup_stm32g431xx.o(STACK)

    Global Symbols

    Symbol Name                              Value     Ov Type        Size  Object(Section)

    BuildAttributes$$THM_ISAv4$E$P$D$K$B$S$7EM$VFPi3$EXTD16$VFPS$VFMA$PE$A:L22UL41UL21$X:L11$S22US41US21$IEEE1$IW$USESV6$~STKCKD$USESV7$~SHL$OSPACE$ROPI$EBA8$MICROLIB$REQ8$PRES8$EABIv2 0x00000000   Number         0  anon$$obj.o ABSOLUTE
    __ARM_use_no_argv                        0x00000000   Number         0  main.o ABSOLUTE
    _printf_a                                0x00000000   Number         0  stubs.o ABSOLUTE
    _printf_c                                0x00000000   Number         0  stubs.o ABSOLUTE
    _printf_charcount                        0x00000000   Number         0  stubs.o ABSOLUTE
    _printf_d                                0x00000000   Number         0  stubs.o ABSOLUTE
    _printf_e                                0x00000000   Number         0  stubs.o ABSOLUTE
    _printf_f                                0x00000000   Number         0  stubs.o ABSOLUTE
    _printf_flags                            0x00000000   Number         0  stubs.o ABSOLUTE
    _printf_fp_dec                           0x00000000   Number         0  stubs.o ABSOLUTE
    _printf_fp_hex                           0x00000000   Number         0  stubs.o ABSOLUTE
    _printf_g                                0x00000000   Number         0  stubs.o ABSOLUTE
    _printf_i                                0x00000000   Number         0  stubs.o ABSOLUTE
    _printf_int_dec                          0x00000000   Number         0  stubs.o ABSOLUTE
    _printf_l                                0x00000000   Number         0  stubs.o ABSOLUTE
    _printf_lc                               0x00000000   Number         0  stubs.o ABSOLUTE
    _printf_ll                               0x00000000   Number         0  stubs.o ABSOLUTE
    _printf_lld                              0x00000000   Number         0  stubs.o ABSOLUTE
    _printf_lli                              0x00000000   Number         0  stubs.o ABSOLUTE
    _printf_llo                              0x00000000   Number         0  stubs.o ABSOLUTE
    _printf_llu                              0x00000000   Number         0  stubs.o ABSOLUTE
    _printf_llx                              0x00000000   Number         0  stubs.o ABSOLUTE
    _printf_longlong_dec                     0x00000000   Number         0  stubs.o ABSOLUTE
    _printf_longlong_hex                     0x00000000   Number         0  stubs.o ABSOLUTE
    _printf_longlong_oct                     0x00000000   Number         0  stubs.o ABSOLUTE
    _printf_ls                               0x00000000   Number         0  stubs.o ABSOLUTE
    _printf_mbtowc                           0x00000000   Number         0  stubs.o ABSOLUTE
    _printf_n                                0x00000000   Number         0  stubs.o ABSOLUTE
    _printf_o                                0x00000000   Number         0  stubs.o ABSOLUTE
    _printf_p                                0x00000000   Number         0  stubs.o ABSOLUTE
    _printf_percent                          0x00000000   Number         0  stubs.o ABSOLUTE
    _printf_pre_padding                      0x00000000   Number         0  stubs.o ABSOLUTE
    _printf_return_value                     0x00000000   Number         0  stubs.o ABSOLUTE
    _printf_s                                0x00000000   Number         0  stubs.o ABSOLUTE
    _printf_sizespec                         0x00000000   Number         0  stubs.o ABSOLUTE
    _printf_str                              0x00000000   Number         0  stubs.o ABSOLUTE
    _printf_truncate_signed                  0x00000000   Number         0  stubs.o ABSOLUTE
    _printf_truncate_unsigned                0x00000000   Number         0  stubs.o ABSOLUTE
    _printf_u                                0x00000000   Number         0  stubs.o ABSOLUTE
    _printf_wc                               0x00000000   Number         0  stubs.o ABSOLUTE
    _printf_wctomb                           0x00000000   Number         0  stubs.o ABSOLUTE
    _printf_widthprec                        0x00000000   Number         0  stubs.o ABSOLUTE
    _printf_x                                0x00000000   Number         0  stubs.o ABSOLUTE
    __arm_fini_                               - Undefined Weak Reference
    __cpp_initialize__aeabi_                  - Undefined Weak Reference
    __cxa_finalize                            - Undefined Weak Reference
    __decompress                              - Undefined Weak Reference
    _clock_init                               - Undefined Weak Reference
    _microlib_exit                            - Undefined Weak Reference
    __Vectors_Size                           0x000001d8   Number         0  startup_stm32g431xx.o ABSOLUTE
    __Vectors                                0x08000000   Data           4  startup_stm32g431xx.o(RESET)
    __Vectors_End                            0x080001d8   Data           0  startup_stm32g431xx.o(RESET)
    __main                                   0x080001d9   Thumb Code     0  entry.o(.ARM.Collect$$$$00000000)
    _main_stk                                0x080001d9   Thumb Code     0  entry2.o(.ARM.Collect$$$$00000001)
    _main_scatterload                        0x080001dd   Thumb Code     0  entry5.o(.ARM.Collect$$$$00000004)
    __main_after_scatterload                 0x080001e1   Thumb Code     0  entry5.o(.ARM.Collect$$$$00000004)
    _main_clock                              0x080001e1   Thumb Code     0  entry7b.o(.ARM.Collect$$$$00000008)
    _main_cpp_init                           0x080001e1   Thumb Code     0  entry8b.o(.ARM.Collect$$$$0000000A)
    _main_init                               0x080001e1   Thumb Code     0  entry9a.o(.ARM.Collect$$$$0000000B)
    __rt_lib_shutdown_fini                   0x080001e9   Thumb Code     0  entry12b.o(.ARM.Collect$$$$0000000E)
    __rt_final_cpp                           0x080001ed   Thumb Code     0  entry10a.o(.ARM.Collect$$$$0000000F)
    __rt_final_exit                          0x080001ed   Thumb Code     0  entry11a.o(.ARM.Collect$$$$00000011)
    SVC_Handler                              0x080001f1   Thumb Code    28  port.o(.emb_text)
    __asm___6_port_c_39a90d8d__prvStartFirstTask 0x08000211   Thumb Code    36  port.o(.emb_text)
    __asm___6_port_c_39a90d8d__prvEnableVFP  0x08000239   Thumb Code    16  port.o(.emb_text)
    PendSV_Handler                           0x0800024d   Thumb Code    88  port.o(.emb_text)
    vPortGetIPSR                             0x080002a9   Thumb Code     6  port.o(.emb_text)
    Reset_Handler                            0x080002b1   Thumb Code     8  startup_stm32g431xx.o(.text)
    ADC1_2_IRQHandler                        0x080002cb   Thumb Code     0  startup_stm32g431xx.o(.text)
    COMP1_2_3_IRQHandler                     0x080002cb   Thumb Code     0  startup_stm32g431xx.o(.text)
    COMP4_IRQHandler                         0x080002cb   Thumb Code     0  startup_stm32g431xx.o(.text)
    CORDIC_IRQHandler                        0x080002cb   Thumb Code     0  startup_stm32g431xx.o(.text)
    CRS_IRQHandler                           0x080002cb   Thumb Code     0  startup_stm32g431xx.o(.text)
    DMA1_Channel1_IRQHandler                 0x080002cb   Thumb Code     0  startup_stm32g431xx.o(.text)
    DMA1_Channel2_IRQHandler                 0x080002cb   Thumb Code     0  startup_stm32g431xx.o(.text)
    DMA1_Channel3_IRQHandler                 0x080002cb   Thumb Code     0  startup_stm32g431xx.o(.text)
    DMA1_Channel4_IRQHandler                 0x080002cb   Thumb Code     0  startup_stm32g431xx.o(.text)
    DMA1_Channel5_IRQHandler                 0x080002cb   Thumb Code     0  startup_stm32g431xx.o(.text)
    DMA1_Channel6_IRQHandler                 0x080002cb   Thumb Code     0  startup_stm32g431xx.o(.text)
    DMA2_Channel1_IRQHandler                 0x080002cb   Thumb Code     0  startup_stm32g431xx.o(.text)
    DMA2_Channel2_IRQHandler                 0x080002cb   Thumb Code     0  startup_stm32g431xx.o(.text)
    DMA2_Channel3_IRQHandler                 0x080002cb   Thumb Code     0  startup_stm32g431xx.o(.text)
    DMA2_Channel4_IRQHandler                 0x080002cb   Thumb Code     0  startup_stm32g431xx.o(.text)
    DMA2_Channel5_IRQHandler                 0x080002cb   Thumb Code     0  startup_stm32g431xx.o(.text)
    DMA2_Channel6_IRQHandler                 0x080002cb   Thumb Code     0  startup_stm32g431xx.o(.text)
    DMAMUX_OVR_IRQHandler                    0x080002cb   Thumb Code     0  startup_stm32g431xx.o(.text)
    EXTI0_IRQHandler                         0x080002cb   Thumb Code     0  startup_stm32g431xx.o(.text)
    EXTI15_10_IRQHandler                     0x080002cb   Thumb Code     0  startup_stm32g431xx.o(.text)
    EXTI1_IRQHandler                         0x080002cb   Thumb Code     0  startup_stm32g431xx.o(.text)
    EXTI2_IRQHandler                         0x080002cb   Thumb Code     0  startup_stm32g431xx.o(.text)
    EXTI3_IRQHandler                         0x080002cb   Thumb Code     0  startup_stm32g431xx.o(.text)
    EXTI4_IRQHandler                         0x080002cb   Thumb Code     0  startup_stm32g431xx.o(.text)
    EXTI9_5_IRQHandler                       0x080002cb   Thumb Code     0  startup_stm32g431xx.o(.text)
    FDCAN1_IT0_IRQHandler                    0x080002cb   Thumb Code     0  startup_stm32g431xx.o(.text)
    FDCAN1_IT1_IRQHandler                    0x080002cb   Thumb Code     0  startup_stm32g431xx.o(.text)
    FLASH_IRQHandler                         0x080002cb   Thumb Code     0  startup_stm32g431xx.o(.text)
    FMAC_IRQHandler                          0x080002cb   Thumb Code     0  startup_stm32g431xx.o(.text)
    FPU_IRQHandler                           0x080002cb   Thumb Code     0  startup_stm32g431xx.o(.text)
    I2C1_ER_IRQHandler                       0x080002cb   Thumb Code     0  startup_stm32g431xx.o(.text)
    I2C1_EV_IRQHandler                       0x080002cb   Thumb Code     0  startup_stm32g431xx.o(.text)
    I2C2_ER_IRQHandler                       0x080002cb   Thumb Code     0  startup_stm32g431xx.o(.text)
    I2C2_EV_IRQHandler                       0x080002cb   Thumb Code     0  startup_stm32g431xx.o(.text)
    I2C3_ER_IRQHandler                       0x080002cb   Thumb Code     0  startup_stm32g431xx.o(.text)
    I2C3_EV_IRQHandler                       0x080002cb   Thumb Code     0  startup_stm32g431xx.o(.text)
    LPTIM1_IRQHandler                        0x080002cb   Thumb Code     0  startup_stm32g431xx.o(.text)
    LPUART1_IRQHandler                       0x080002cb   Thumb Code     0  startup_stm32g431xx.o(.text)
    PVD_PVM_IRQHandler                       0x080002cb   Thumb Code     0  startup_stm32g431xx.o(.text)
    RCC_IRQHandler                           0x080002cb   Thumb Code     0  startup_stm32g431xx.o(.text)
    RNG_IRQHandler                           0x080002cb   Thumb Code     0  startup_stm32g431xx.o(.text)
    RTC_Alarm_IRQHandler                     0x080002cb   Thumb Code     0  startup_stm32g431xx.o(.text)
    RTC_TAMP_LSECSS_IRQHandler               0x080002cb   Thumb Code     0  startup_stm32g431xx.o(.text)
    RTC_WKUP_IRQHandler                      0x080002cb   Thumb Code     0  startup_stm32g431xx.o(.text)
    SAI1_IRQHandler                          0x080002cb   Thumb Code     0  startup_stm32g431xx.o(.text)
    SPI1_IRQHandler                          0x080002cb   Thumb Code     0  startup_stm32g431xx.o(.text)
    SPI2_IRQHandler                          0x080002cb   Thumb Code     0  startup_stm32g431xx.o(.text)
    SPI3_IRQHandler                          0x080002cb   Thumb Code     0  startup_stm32g431xx.o(.text)
    TIM1_BRK_TIM15_IRQHandler                0x080002cb   Thumb Code     0  startup_stm32g431xx.o(.text)
    TIM1_CC_IRQHandler                       0x080002cb   Thumb Code     0  startup_stm32g431xx.o(.text)
    TIM1_TRG_COM_TIM17_IRQHandler            0x080002cb   Thumb Code     0  startup_stm32g431xx.o(.text)
    TIM1_UP_TIM16_IRQHandler                 0x080002cb   Thumb Code     0  startup_stm32g431xx.o(.text)
    TIM3_IRQHandler                          0x080002cb   Thumb Code     0  startup_stm32g431xx.o(.text)
    TIM4_IRQHandler                          0x080002cb   Thumb Code     0  startup_stm32g431xx.o(.text)
    TIM6_DAC_IRQHandler                      0x080002cb   Thumb Code     0  startup_stm32g431xx.o(.text)
    TIM7_IRQHandler                          0x080002cb   Thumb Code     0  startup_stm32g431xx.o(.text)
    TIM8_BRK_IRQHandler                      0x080002cb   Thumb Code     0  startup_stm32g431xx.o(.text)
    TIM8_CC_IRQHandler                       0x080002cb   Thumb Code     0  startup_stm32g431xx.o(.text)
    TIM8_TRG_COM_IRQHandler                  0x080002cb   Thumb Code     0  startup_stm32g431xx.o(.text)
    TIM8_UP_IRQHandler                       0x080002cb   Thumb Code     0  startup_stm32g431xx.o(.text)
    UART4_IRQHandler                         0x080002cb   Thumb Code     0  startup_stm32g431xx.o(.text)
    UCPD1_IRQHandler                         0x080002cb   Thumb Code     0  startup_stm32g431xx.o(.text)
    USART1_IRQHandler                        0x080002cb   Thumb Code     0  startup_stm32g431xx.o(.text)
    USBWakeUp_IRQHandler                     0x080002cb   Thumb Code     0  startup_stm32g431xx.o(.text)
    USB_HP_IRQHandler                        0x080002cb   Thumb Code     0  startup_stm32g431xx.o(.text)
    USB_LP_IRQHandler                        0x080002cb   Thumb Code     0  startup_stm32g431xx.o(.text)
    WWDG_IRQHandler                          0x080002cb   Thumb Code     0  startup_stm32g431xx.o(.text)
    __aeabi_uldivmod                         0x080002d5   Thumb Code    98  uldiv.o(.text)
    __aeabi_memcpy                           0x08000337   Thumb Code    36  memcpya.o(.text)
    __aeabi_memcpy4                          0x08000337   Thumb Code     0  memcpya.o(.text)
    __aeabi_memcpy8                          0x08000337   Thumb Code     0  memcpya.o(.text)
    __aeabi_memset                           0x0800035b   Thumb Code    14  memseta.o(.text)
    __aeabi_memset4                          0x0800035b   Thumb Code     0  memseta.o(.text)
    __aeabi_memset8                          0x0800035b   Thumb Code     0  memseta.o(.text)
    __aeabi_memclr                           0x08000369   Thumb Code     4  memseta.o(.text)
    __aeabi_memclr4                          0x08000369   Thumb Code     0  memseta.o(.text)
    __aeabi_memclr8                          0x08000369   Thumb Code     0  memseta.o(.text)
    memset                                   0x0800036d   Thumb Code    18  memseta.o(.text)
    strcmp                                   0x0800037f   Thumb Code    28  strcmp.o(.text)
    __aeabi_llsl                             0x0800039b   Thumb Code    30  llshl.o(.text)
    _ll_shift_l                              0x0800039b   Thumb Code     0  llshl.o(.text)
    __aeabi_llsr                             0x080003b9   Thumb Code    32  llushr.o(.text)
    _ll_ushift_r                             0x080003b9   Thumb Code     0  llushr.o(.text)
    __scatterload                            0x080003d9   Thumb Code    28  init.o(.text)
    __scatterload_rt2                        0x080003d9   Thumb Code     0  init.o(.text)
    ADC_Enable                               0x080003fd   Thumb Code   154  stm32g4xx_hal_adc.o(i.ADC_Enable)
    BusFault_Handler                         0x080004a9   Thumb Code     2  stm32g4xx_it.o(i.BusFault_Handler)
    DebugMon_Handler                         0x080004ab   Thumb Code     2  stm32g4xx_it.o(i.DebugMon_Handler)
    Error_Handler                            0x080004ad   Thumb Code     4  main.o(i.Error_Handler)
    HAL_ADCEx_MultiModeConfigChannel         0x080004b1   Thumb Code   208  stm32g4xx_hal_adc_ex.o(i.HAL_ADCEx_MultiModeConfigChannel)
    HAL_ADC_ConfigChannel                    0x08000589   Thumb Code  1006  stm32g4xx_hal_adc.o(i.HAL_ADC_ConfigChannel)
    HAL_ADC_GetValue                         0x080009ad   Thumb Code     6  stm32g4xx_hal_adc.o(i.HAL_ADC_GetValue)
    HAL_ADC_Init                             0x080009b5   Thumb Code   466  stm32g4xx_hal_adc.o(i.HAL_ADC_Init)
    HAL_ADC_MspInit                          0x08000ba9   Thumb Code   200  adc.o(i.HAL_ADC_MspInit)
    HAL_ADC_PollForConversion                0x08000c7d   Thumb Code   242  stm32g4xx_hal_adc.o(i.HAL_ADC_PollForConversion)
    HAL_ADC_Start                            0x08000d79   Thumb Code   230  stm32g4xx_hal_adc.o(i.HAL_ADC_Start)
    HAL_DMA_Abort                            0x08000e6d   Thumb Code   106  stm32g4xx_hal_dma.o(i.HAL_DMA_Abort)
    HAL_DMA_Abort_IT                         0x08000ed7   Thumb Code   120  stm32g4xx_hal_dma.o(i.HAL_DMA_Abort_IT)
    HAL_Delay                                0x08000f51   Thumb Code    32  stm32g4xx_hal.o(i.HAL_Delay)
    HAL_GPIO_Init                            0x08000f75   Thumb Code   550  stm32g4xx_hal_gpio.o(i.HAL_GPIO_Init)
    HAL_GPIO_ReadPin                         0x080011bd   Thumb Code    10  stm32g4xx_hal_gpio.o(i.HAL_GPIO_ReadPin)
    HAL_GPIO_WritePin                        0x080011c7   Thumb Code    10  stm32g4xx_hal_gpio.o(i.HAL_GPIO_WritePin)
    HAL_GetTick                              0x080011d1   Thumb Code     6  stm32g4xx_hal.o(i.HAL_GetTick)
    HAL_IncTick                              0x080011dd   Thumb Code    12  stm32g4xx_hal.o(i.HAL_IncTick)
    HAL_Init                                 0x080011ed   Thumb Code    30  stm32g4xx_hal.o(i.HAL_Init)
    HAL_InitTick                             0x0800120d   Thumb Code   118  stm32g4xx_hal_timebase_tim.o(i.HAL_InitTick)
    HAL_MspInit                              0x08001295   Thumb Code    54  stm32g4xx_hal_msp.o(i.HAL_MspInit)
    HAL_NVIC_EnableIRQ                       0x080012d1   Thumb Code    26  stm32g4xx_hal_cortex.o(i.HAL_NVIC_EnableIRQ)
    HAL_NVIC_SetPriority                     0x080012ed   Thumb Code    60  stm32g4xx_hal_cortex.o(i.HAL_NVIC_SetPriority)
    HAL_NVIC_SetPriorityGrouping             0x0800132d   Thumb Code    26  stm32g4xx_hal_cortex.o(i.HAL_NVIC_SetPriorityGrouping)
    HAL_PWREx_ControlVoltageScaling          0x08001351   Thumb Code   174  stm32g4xx_hal_pwr_ex.o(i.HAL_PWREx_ControlVoltageScaling)
    HAL_PWREx_DisableUCPDDeadBattery         0x0800140d   Thumb Code    12  stm32g4xx_hal_pwr_ex.o(i.HAL_PWREx_DisableUCPDDeadBattery)
    HAL_RCCEx_PeriphCLKConfig                0x0800141d   Thumb Code   638  stm32g4xx_hal_rcc_ex.o(i.HAL_RCCEx_PeriphCLKConfig)
    HAL_RCC_ClockConfig                      0x080016a5   Thumb Code   444  stm32g4xx_hal_rcc.o(i.HAL_RCC_ClockConfig)
    HAL_RCC_GetClockConfig                   0x08001881   Thumb Code    54  stm32g4xx_hal_rcc.o(i.HAL_RCC_GetClockConfig)
    HAL_RCC_GetPCLK1Freq                     0x080018c1   Thumb Code    24  stm32g4xx_hal_rcc.o(i.HAL_RCC_GetPCLK1Freq)
    HAL_RCC_GetPCLK2Freq                     0x080018e5   Thumb Code    24  stm32g4xx_hal_rcc.o(i.HAL_RCC_GetPCLK2Freq)
    HAL_RCC_GetSysClockFreq                  0x08001909   Thumb Code    98  stm32g4xx_hal_rcc.o(i.HAL_RCC_GetSysClockFreq)
    HAL_RCC_OscConfig                        0x08001975   Thumb Code  1028  stm32g4xx_hal_rcc.o(i.HAL_RCC_OscConfig)
    HAL_TIMEx_Break2Callback                 0x08001d79   Thumb Code     2  stm32g4xx_hal_tim_ex.o(i.HAL_TIMEx_Break2Callback)
    HAL_TIMEx_BreakCallback                  0x08001d7b   Thumb Code     2  stm32g4xx_hal_tim_ex.o(i.HAL_TIMEx_BreakCallback)
    HAL_TIMEx_CommutCallback                 0x08001d7d   Thumb Code     2  stm32g4xx_hal_tim_ex.o(i.HAL_TIMEx_CommutCallback)
    HAL_TIMEx_ConfigBreakDeadTime            0x08001d81   Thumb Code   148  stm32g4xx_hal_tim_ex.o(i.HAL_TIMEx_ConfigBreakDeadTime)
    HAL_TIMEx_DirectionChangeCallback        0x08001e1d   Thumb Code     2  stm32g4xx_hal_tim_ex.o(i.HAL_TIMEx_DirectionChangeCallback)
    HAL_TIMEx_EncoderIndexCallback           0x08001e1f   Thumb Code     2  stm32g4xx_hal_tim_ex.o(i.HAL_TIMEx_EncoderIndexCallback)
    HAL_TIMEx_IndexErrorCallback             0x08001e21   Thumb Code     2  stm32g4xx_hal_tim_ex.o(i.HAL_TIMEx_IndexErrorCallback)
    HAL_TIMEx_MasterConfigSynchronization    0x08001e25   Thumb Code   132  stm32g4xx_hal_tim_ex.o(i.HAL_TIMEx_MasterConfigSynchronization)
    HAL_TIMEx_TransitionErrorCallback        0x08001ec1   Thumb Code     2  stm32g4xx_hal_tim_ex.o(i.HAL_TIMEx_TransitionErrorCallback)
    HAL_TIM_Base_Init                        0x08001ec3   Thumb Code    98  stm32g4xx_hal_tim.o(i.HAL_TIM_Base_Init)
    HAL_TIM_Base_MspInit                     0x08001f25   Thumb Code    52  tim.o(i.HAL_TIM_Base_MspInit)
    HAL_TIM_Base_Start_IT                    0x08001f65   Thumb Code    94  stm32g4xx_hal_tim.o(i.HAL_TIM_Base_Start_IT)
    HAL_TIM_ConfigClockSource                0x08001fdd   Thumb Code   246  stm32g4xx_hal_tim.o(i.HAL_TIM_ConfigClockSource)
    HAL_TIM_IC_CaptureCallback               0x080020dd   Thumb Code     2  stm32g4xx_hal_tim.o(i.HAL_TIM_IC_CaptureCallback)
    HAL_TIM_IRQHandler                       0x080020df   Thumb Code   418  stm32g4xx_hal_tim.o(i.HAL_TIM_IRQHandler)
    HAL_TIM_MspPostInit                      0x08002281   Thumb Code   106  tim.o(i.HAL_TIM_MspPostInit)
    HAL_TIM_OC_DelayElapsedCallback          0x080022f9   Thumb Code     2  stm32g4xx_hal_tim.o(i.HAL_TIM_OC_DelayElapsedCallback)
    HAL_TIM_PWM_ConfigChannel                0x080022fb   Thumb Code   292  stm32g4xx_hal_tim.o(i.HAL_TIM_PWM_ConfigChannel)
    HAL_TIM_PWM_Init                         0x0800241f   Thumb Code    98  stm32g4xx_hal_tim.o(i.HAL_TIM_PWM_Init)
    HAL_TIM_PWM_MspInit                      0x08002481   Thumb Code     2  stm32g4xx_hal_tim.o(i.HAL_TIM_PWM_MspInit)
    HAL_TIM_PWM_PulseFinishedCallback        0x08002483   Thumb Code     2  stm32g4xx_hal_tim.o(i.HAL_TIM_PWM_PulseFinishedCallback)
    HAL_TIM_PWM_Start                        0x08002485   Thumb Code   218  stm32g4xx_hal_tim.o(i.HAL_TIM_PWM_Start)
    HAL_TIM_PWM_Stop                         0x08002581   Thumb Code   152  stm32g4xx_hal_tim.o(i.HAL_TIM_PWM_Stop)
    HAL_TIM_PeriodElapsedCallback            0x0800262d   Thumb Code    14  main.o(i.HAL_TIM_PeriodElapsedCallback)
    HAL_TIM_TriggerCallback                  0x0800263b   Thumb Code     2  stm32g4xx_hal_tim.o(i.HAL_TIM_TriggerCallback)
    HAL_UARTEx_DisableFifoMode               0x0800263d   Thumb Code    62  stm32g4xx_hal_uart_ex.o(i.HAL_UARTEx_DisableFifoMode)
    HAL_UARTEx_RxEventCallback               0x0800267b   Thumb Code     2  stm32g4xx_hal_uart.o(i.HAL_UARTEx_RxEventCallback)
    HAL_UARTEx_RxFifoFullCallback            0x0800267d   Thumb Code     2  stm32g4xx_hal_uart_ex.o(i.HAL_UARTEx_RxFifoFullCallback)
    HAL_UARTEx_SetRxFifoThreshold            0x0800267f   Thumb Code    76  stm32g4xx_hal_uart_ex.o(i.HAL_UARTEx_SetRxFifoThreshold)
    HAL_UARTEx_SetTxFifoThreshold            0x080026cb   Thumb Code    76  stm32g4xx_hal_uart_ex.o(i.HAL_UARTEx_SetTxFifoThreshold)
    HAL_UARTEx_TxFifoEmptyCallback           0x08002717   Thumb Code     2  stm32g4xx_hal_uart_ex.o(i.HAL_UARTEx_TxFifoEmptyCallback)
    HAL_UARTEx_WakeupCallback                0x08002719   Thumb Code     2  stm32g4xx_hal_uart_ex.o(i.HAL_UARTEx_WakeupCallback)
    HAL_UART_ErrorCallback                   0x0800271b   Thumb Code     2  stm32g4xx_hal_uart.o(i.HAL_UART_ErrorCallback)
    HAL_UART_IRQHandler                      0x0800271d   Thumb Code   766  stm32g4xx_hal_uart.o(i.HAL_UART_IRQHandler)
    HAL_UART_Init                            0x08002a29   Thumb Code   106  stm32g4xx_hal_uart.o(i.HAL_UART_Init)
    HAL_UART_MspInit                         0x08002a95   Thumb Code   306  usart.o(i.HAL_UART_MspInit)
    HAL_UART_Receive                         0x08002bdd   Thumb Code   232  stm32g4xx_hal_uart.o(i.HAL_UART_Receive)
    HAL_UART_Receive_IT                      0x08002cc5   Thumb Code    66  stm32g4xx_hal_uart.o(i.HAL_UART_Receive_IT)
    HAL_UART_RxCpltCallback                  0x08002d0d   Thumb Code    26  app_freertos.o(i.HAL_UART_RxCpltCallback)
    HAL_UART_Transmit                        0x08002d35   Thumb Code   174  stm32g4xx_hal_uart.o(i.HAL_UART_Transmit)
    HAL_UART_TxCpltCallback                  0x08002de3   Thumb Code     2  stm32g4xx_hal_uart.o(i.HAL_UART_TxCpltCallback)
    HardFault_Handler                        0x08002de5   Thumb Code     2  stm32g4xx_it.o(i.HardFault_Handler)
    I2C_Start                                0x08002de9   Thumb Code    64  oled.o(i.I2C_Start)
    I2C_Stop                                 0x08002e2d   Thumb Code    46  oled.o(i.I2C_Stop)
    I2C_WaitAck                              0x08002e61   Thumb Code    52  oled.o(i.I2C_WaitAck)
    IIC_delay                                0x08002e99   Thumb Code    10  oled.o(i.IIC_delay)
    MX_ADC1_Init                             0x08002f05   Thumb Code   136  adc.o(i.MX_ADC1_Init)
    MX_ADC2_Init                             0x08002f95   Thumb Code   110  adc.o(i.MX_ADC2_Init)
    MX_FREERTOS_Init                         0x08003011   Thumb Code   116  app_freertos.o(i.MX_FREERTOS_Init)
    MX_GPIO_Init                             0x080030a9   Thumb Code   172  gpio.o(i.MX_GPIO_Init)
    MX_TIM1_Init                             0x08003161   Thumb Code   210  tim.o(i.MX_TIM1_Init)
    MX_TIM3_Init                             0x0800323d   Thumb Code   146  tim.o(i.MX_TIM3_Init)
    MX_USART1_UART_Init                      0x080032d9   Thumb Code    94  usart.o(i.MX_USART1_UART_Init)
    MX_USART2_UART_Init                      0x08003341   Thumb Code    94  usart.o(i.MX_USART2_UART_Init)
    MX_USART3_UART_Init                      0x080033a9   Thumb Code    94  usart.o(i.MX_USART3_UART_Init)
    MemManage_Handler                        0x08003411   Thumb Code     2  stm32g4xx_it.o(i.MemManage_Handler)
    NMI_Handler                              0x08003413   Thumb Code     2  stm32g4xx_it.o(i.NMI_Handler)
    OLED_Clear                               0x08003415   Thumb Code    40  oled.o(i.OLED_Clear)
    OLED_DrawPoint                           0x08003441   Thumb Code    40  oled.o(i.OLED_DrawPoint)
    OLED_Init                                0x0800346d   Thumb Code   306  oled.o(i.OLED_Init)
    OLED_Refresh                             0x080035a9   Thumb Code   100  oled.o(i.OLED_Refresh)
    OLED_ShowChar                            0x08003611   Thumb Code   212  oled.o(i.OLED_ShowChar)
    OLED_ShowChinese                         0x080036f5   Thumb Code   200  oled.o(i.OLED_ShowChinese)
    OLED_ShowString                          0x080037c5   Thumb Code    60  oled.o(i.OLED_ShowString)
    OLED_WR_Byte                             0x08003801   Thumb Code    54  oled.o(i.OLED_WR_Byte)
    Send_Byte                                0x08003839   Thumb Code    80  oled.o(i.Send_Byte)
    StartDefaultTask                         0x0800388d   Thumb Code    36  app_freertos.o(i.StartDefaultTask)
    StartTask02                              0x080038c1   Thumb Code    60  app_freertos.o(i.StartTask02)
    StartTask03                              0x08003905   Thumb Code   300  app_freertos.o(i.StartTask03)
    StartTask04                              0x08003a9d   Thumb Code   156  app_freertos.o(i.StartTask04)
    StartTask05                              0x08003b61   Thumb Code   214  app_freertos.o(i.StartTask05)
    StartTask06                              0x08003c79   Thumb Code   328  app_freertos.o(i.StartTask06)
    StartTask07                              0x08003ddd   Thumb Code   224  app_freertos.o(i.StartTask07)
    SysTick_Handler                          0x08003ed9   Thumb Code    26  cmsis_os2.o(i.SysTick_Handler)
    SystemClock_Config                       0x08003ef3   Thumb Code   102  main.o(i.SystemClock_Config)
    SystemInit                               0x08003f59   Thumb Code    12  system_stm32g4xx.o(i.SystemInit)
    TIM2_IRQHandler                          0x08003f69   Thumb Code     6  stm32g4xx_it.o(i.TIM2_IRQHandler)
    TIM_Base_SetConfig                       0x08003f75   Thumb Code   160  stm32g4xx_hal_tim.o(i.TIM_Base_SetConfig)
    TIM_CCxChannelCmd                        0x08004031   Thumb Code    26  stm32g4xx_hal_tim.o(i.TIM_CCxChannelCmd)
    TIM_ETR_SetConfig                        0x0800404b   Thumb Code    20  stm32g4xx_hal_tim.o(i.TIM_ETR_SetConfig)
    TIM_OC2_SetConfig                        0x08004111   Thumb Code   120  stm32g4xx_hal_tim.o(i.TIM_OC2_SetConfig)
    UART_AdvFeatureConfig                    0x0800442d   Thumb Code   200  stm32g4xx_hal_uart.o(i.UART_AdvFeatureConfig)
    UART_CheckIdleState                      0x080044f5   Thumb Code   172  stm32g4xx_hal_uart.o(i.UART_CheckIdleState)
    UART_SetConfig                           0x08004ad9   Thumb Code   582  stm32g4xx_hal_uart.o(i.UART_SetConfig)
    UART_Start_Receive_IT                    0x08004d4d   Thumb Code   256  stm32g4xx_hal_uart.o(i.UART_Start_Receive_IT)
    UART_WaitOnFlagUntilTimeout              0x08004e5d   Thumb Code   148  stm32g4xx_hal_uart.o(i.UART_WaitOnFlagUntilTimeout)
    USART2_IRQHandler                        0x08004ef1   Thumb Code     6  stm32g4xx_it.o(i.USART2_IRQHandler)
    USART3_IRQHandler                        0x08004efd   Thumb Code     6  stm32g4xx_it.o(i.USART3_IRQHandler)
    UsageFault_Handler                       0x08004f09   Thumb Code     2  stm32g4xx_it.o(i.UsageFault_Handler)
    __0printf$8                              0x08004f0d   Thumb Code    22  printf8.o(i.__0printf$8)
    __1printf$8                              0x08004f0d   Thumb Code     0  printf8.o(i.__0printf$8)
    __2printf                                0x08004f0d   Thumb Code     0  printf8.o(i.__0printf$8)
    __0sprintf$8                             0x08004f2d   Thumb Code    34  printf8.o(i.__0sprintf$8)
    __1sprintf$8                             0x08004f2d   Thumb Code     0  printf8.o(i.__0sprintf$8)
    __2sprintf                               0x08004f2d   Thumb Code     0  printf8.o(i.__0sprintf$8)
    __scatterload_copy                       0x08004f75   Thumb Code    14  handlers.o(i.__scatterload_copy)
    __scatterload_null                       0x08004f83   Thumb Code     2  handlers.o(i.__scatterload_null)
    __scatterload_zeroinit                   0x08004f85   Thumb Code    14  handlers.o(i.__scatterload_zeroinit)
    fputc                                    0x080053f5   Thumb Code    18  app_freertos.o(i.fputc)
    main                                     0x0800540d   Thumb Code    54  main.o(i.main)
    osDelay                                  0x08005443   Thumb Code    26  cmsis_os2.o(i.osDelay)
    osKernelInitialize                       0x0800545d   Thumb Code    32  cmsis_os2.o(i.osKernelInitialize)
    osKernelStart                            0x08005481   Thumb Code    48  cmsis_os2.o(i.osKernelStart)
    osMessageQueueGet                        0x080054b9   Thumb Code    96  cmsis_os2.o(i.osMessageQueueGet)
    osMessageQueueNew                        0x0800551d   Thumb Code    88  cmsis_os2.o(i.osMessageQueueNew)
    osThreadNew                              0x08005575   Thumb Code   138  cmsis_os2.o(i.osThreadNew)
    pvPortMalloc                             0x08005d91   Thumb Code   216  heap_4.o(i.pvPortMalloc)
    pxPortInitialiseStack                    0x08005e6d   Thumb Code    40  port.o(i.pxPortInitialiseStack)
    ulTaskNotifyTake                         0x08005e99   Thumb Code    96  tasks.o(i.ulTaskNotifyTake)
    uxListRemove                             0x08005f01   Thumb Code    38  list.o(i.uxListRemove)
    vApplicationGetIdleTaskMemory            0x08005f29   Thumb Code    16  cmsis_os2.o(i.vApplicationGetIdleTaskMemory)
    vApplicationGetTimerTaskMemory           0x08005f3d   Thumb Code    18  cmsis_os2.o(i.vApplicationGetTimerTaskMemory)
    vListInitialise                          0x08005f55   Thumb Code    22  list.o(i.vListInitialise)
    vListInitialiseItem                      0x08005f6b   Thumb Code     6  list.o(i.vListInitialiseItem)
    vListInsert                              0x08005f71   Thumb Code    48  list.o(i.vListInsert)
    vListInsertEnd                           0x08005fa1   Thumb Code    24  list.o(i.vListInsertEnd)
    vPortEnterCritical                       0x08005fb9   Thumb Code    54  port.o(i.vPortEnterCritical)
    vPortExitCritical                        0x08005ff9   Thumb Code    34  port.o(i.vPortExitCritical)
    vPortFree                                0x08006021   Thumb Code    94  heap_4.o(i.vPortFree)
    vPortSetupTimerInterrupt                 0x08006085   Thumb Code    32  port.o(i.vPortSetupTimerInterrupt)
    vPortValidateInterruptPriority           0x080060a9   Thumb Code    74  port.o(i.vPortValidateInterruptPriority)
    vQueueAddToRegistry                      0x080060fd   Thumb Code    34  queue.o(i.vQueueAddToRegistry)
    vQueueWaitForMessageRestricted           0x08006125   Thumb Code    68  queue.o(i.vQueueWaitForMessageRestricted)
    vTaskDelay                               0x08006169   Thumb Code    66  tasks.o(i.vTaskDelay)
    vTaskInternalSetTimeOutState             0x080061b5   Thumb Code    12  tasks.o(i.vTaskInternalSetTimeOutState)
    vTaskMissedYield                         0x080061c5   Thumb Code     8  tasks.o(i.vTaskMissedYield)
    vTaskNotifyGiveFromISR                   0x080061d1   Thumb Code   162  tasks.o(i.vTaskNotifyGiveFromISR)
    vTaskPlaceOnEventList                    0x08006281   Thumb Code    44  tasks.o(i.vTaskPlaceOnEventList)
    vTaskPlaceOnEventListRestricted          0x080062b1   Thumb Code    52  tasks.o(i.vTaskPlaceOnEventListRestricted)
    vTaskStartScheduler                      0x080062e9   Thumb Code   118  tasks.o(i.vTaskStartScheduler)
    vTaskSuspendAll                          0x08006371   Thumb Code    10  tasks.o(i.vTaskSuspendAll)
    vTaskSwitchContext                       0x08006381   Thumb Code    90  tasks.o(i.vTaskSwitchContext)
    xPortStartScheduler                      0x080063e5   Thumb Code   222  port.o(i.xPortStartScheduler)
    xPortSysTickHandler                      0x080064d9   Thumb Code    38  port.o(i.xPortSysTickHandler)
    xQueueGenericCreate                      0x08006505   Thumb Code    66  queue.o(i.xQueueGenericCreate)
    xQueueGenericCreateStatic                0x08006547   Thumb Code   102  queue.o(i.xQueueGenericCreateStatic)
    xQueueGenericReset                       0x080065ad   Thumb Code   132  queue.o(i.xQueueGenericReset)
    xQueueGenericSend                        0x08006635   Thumb Code   346  queue.o(i.xQueueGenericSend)
    xQueueGenericSendFromISR                 0x08006795   Thumb Code   190  queue.o(i.xQueueGenericSendFromISR)
    xQueueReceive                            0x08006855   Thumb Code   308  queue.o(i.xQueueReceive)
    xQueueReceiveFromISR                     0x0800698d   Thumb Code   154  queue.o(i.xQueueReceiveFromISR)
    xTaskCheckForTimeOut                     0x08006a29   Thumb Code   112  tasks.o(i.xTaskCheckForTimeOut)
    xTaskCreate                              0x08006a9d   Thumb Code    90  tasks.o(i.xTaskCreate)
    xTaskCreateStatic                        0x08006af7   Thumb Code    86  tasks.o(i.xTaskCreateStatic)
    xTaskGetSchedulerState                   0x08006b4d   Thumb Code    22  tasks.o(i.xTaskGetSchedulerState)
    xTaskGetTickCount                        0x08006b69   Thumb Code     6  tasks.o(i.xTaskGetTickCount)
    xTaskIncrementTick                       0x08006b75   Thumb Code   192  tasks.o(i.xTaskIncrementTick)
    xTaskPriorityDisinherit                  0x08006c3d   Thumb Code   118  tasks.o(i.xTaskPriorityDisinherit)
    xTaskRemoveFromEventList                 0x08006cbd   Thumb Code    98  tasks.o(i.xTaskRemoveFromEventList)
    xTaskResumeAll                           0x08006d2d   Thumb Code   182  tasks.o(i.xTaskResumeAll)
    xTimerCreateTimerTask                    0x08006df1   Thumb Code    78  timers.o(i.xTimerCreateTimerTask)
    xTimerGenericCommand                     0x08006e51   Thumb Code    98  timers.o(i.xTimerGenericCommand)
    asc2_0806                                0x08006eb8   Data         552  oled.o(.constdata)
    asc2_1206                                0x080070e0   Data        1140  oled.o(.constdata)
    asc2_1608                                0x08007554   Data        1520  oled.o(.constdata)
    asc2_2412                                0x08007b44   Data        3420  oled.o(.constdata)
    Hzk1                                     0x080088a0   Data         544  oled.o(.constdata)
    Hzk2                                     0x08008ac0   Data          72  oled.o(.constdata)
    Hzk3                                     0x08008b08   Data         128  oled.o(.constdata)
    Hzk4                                     0x08008b88   Data         512  oled.o(.constdata)
    defaultTask_attributes                   0x08008d88   Data          36  app_freertos.o(.constdata)
    myTask02_attributes                      0x08008dac   Data          36  app_freertos.o(.constdata)
    myTask03_attributes                      0x08008dd0   Data          36  app_freertos.o(.constdata)
    myTask04_attributes                      0x08008df4   Data          36  app_freertos.o(.constdata)
    myTask05_attributes                      0x08008e18   Data          36  app_freertos.o(.constdata)
    myTask06_attributes                      0x08008e3c   Data          36  app_freertos.o(.constdata)
    myTask07_attributes                      0x08008e60   Data          36  app_freertos.o(.constdata)
    myQueue01_attributes                     0x08008e84   Data          24  app_freertos.o(.constdata)
    UARTPrescTable                           0x08008e9c   Data          24  stm32g4xx_hal_uart.o(.constdata)
    AHBPrescTable                            0x08008ec4   Data          16  system_stm32g4xx.o(.constdata)
    APBPrescTable                            0x08008ed4   Data           8  system_stm32g4xx.o(.constdata)
    Region$$Table$$Base                      0x08008f3c   Number         0  anon$$obj.o(Region$$Table)
    Region$$Table$$Limit                     0x08008f5c   Number         0  anon$$obj.o(Region$$Table)
    x                                        0x20000000   Data           1  app_freertos.o(.data)
    duty                                     0x20000002   Data           2  app_freertos.o(.data)
    leftLight                                0x20000004   Data           4  app_freertos.o(.data)
    rightLight                               0x20000008   Data           4  app_freertos.o(.data)
    defaultTaskHandle                        0x2000000c   Data           4  app_freertos.o(.data)
    myTask02Handle                           0x20000010   Data           4  app_freertos.o(.data)
    myTask03Handle                           0x20000014   Data           4  app_freertos.o(.data)
    myTask04Handle                           0x20000018   Data           4  app_freertos.o(.data)
    myTask05Handle                           0x2000001c   Data           4  app_freertos.o(.data)
    myTask06Handle                           0x20000020   Data           4  app_freertos.o(.data)
    myTask07Handle                           0x20000024   Data           4  app_freertos.o(.data)
    myQueue01Handle                          0x20000028   Data           4  app_freertos.o(.data)
    uwTickPrio                               0x20000030   Data           4  stm32g4xx_hal.o(.data)
    uwTickFreq                               0x20000034   Data           4  stm32g4xx_hal.o(.data)
    uwTick                                   0x20000038   Data           4  stm32g4xx_hal.o(.data)
    SystemCoreClock                          0x2000003c   Data           4  system_stm32g4xx.o(.data)
    pxCurrentTCB                             0x20000040   Data           4  tasks.o(.data)
    __stdout                                 0x200000c0   Data           4  stdout.o(.data)
    OLED_GRAM                                0x200000c4   Data        1152  oled.o(.bss)
    data_rx                                  0x20000544   Data          20  app_freertos.o(.bss)
    leftLightStr                             0x20000558   Data          20  app_freertos.o(.bss)
    rightLightStr                            0x2000056c   Data          20  app_freertos.o(.bss)
    hadc1                                    0x20000580   Data         108  adc.o(.bss)
    hadc2                                    0x200005ec   Data         108  adc.o(.bss)
    htim1                                    0x20000658   Data          76  tim.o(.bss)
    htim3                                    0x200006a4   Data          76  tim.o(.bss)
    huart1                                   0x200006f0   Data         148  usart.o(.bss)
    huart2                                   0x20000784   Data         148  usart.o(.bss)
    huart3                                   0x20000818   Data         148  usart.o(.bss)
    htim2                                    0x200008ac   Data          76  stm32g4xx_hal_timebase_tim.o(.bss)
    xQueueRegistry                           0x200008f8   Data          64  queue.o(.bss)
    __initial_sp                             0x200040e0   Data           0  startup_stm32g431xx.o(STACK)



==============================================================================

Memory Map of the image

  Image Entry point : 0x080001d9

  Load Region LR_IROM1 (Base: 0x08000000, Size: 0x00009020, Max: 0x00020000, ABSOLUTE)

    Execution Region ER_IROM1 (Exec base: 0x08000000, Load base: 0x08000000, Size: 0x00008f5c, Max: 0x00020000, ABSOLUTE)

    Exec Addr    Load Addr    Size         Type   Attr      Idx    E Section Name        Object

    0x08000000   0x08000000   0x000001d8   Data   RO            3    RESET               startup_stm32g431xx.o
    0x080001d8   0x080001d8   0x00000000   Code   RO         6215  * .ARM.Collect$$$$00000000  mc_w.l(entry.o)
    0x080001d8   0x080001d8   0x00000004   Code   RO         6491    .ARM.Collect$$$$00000001  mc_w.l(entry2.o)
    0x080001dc   0x080001dc   0x00000004   Code   RO         6494    .ARM.Collect$$$$00000004  mc_w.l(entry5.o)
    0x080001e0   0x080001e0   0x00000000   Code   RO         6496    .ARM.Collect$$$$00000008  mc_w.l(entry7b.o)
    0x080001e0   0x080001e0   0x00000000   Code   RO         6498    .ARM.Collect$$$$0000000A  mc_w.l(entry8b.o)
    0x080001e0   0x080001e0   0x00000008   Code   RO         6499    .ARM.Collect$$$$0000000B  mc_w.l(entry9a.o)
    0x080001e8   0x080001e8   0x00000004   Code   RO         6506    .ARM.Collect$$$$0000000E  mc_w.l(entry12b.o)
    0x080001ec   0x080001ec   0x00000000   Code   RO         6501    .ARM.Collect$$$$0000000F  mc_w.l(entry10a.o)
    0x080001ec   0x080001ec   0x00000000   Code   RO         6503    .ARM.Collect$$$$00000011  mc_w.l(entry11a.o)
    0x080001ec   0x080001ec   0x00000004   Code   RO         6492    .ARM.Collect$$$$00002712  mc_w.l(entry2.o)
    0x080001f0   0x080001f0   0x000000be   Code   RO         6138    .emb_text           port.o
    0x080002ae   0x080002ae   0x00000002   PAD
    0x080002b0   0x080002b0   0x00000024   Code   RO            4    .text               startup_stm32g431xx.o
    0x080002d4   0x080002d4   0x00000062   Code   RO         6218    .text               mc_w.l(uldiv.o)
    0x08000336   0x08000336   0x00000024   Code   RO         6220    .text               mc_w.l(memcpya.o)
    0x0800035a   0x0800035a   0x00000024   Code   RO         6224    .text               mc_w.l(memseta.o)
    0x0800037e   0x0800037e   0x0000001c   Code   RO         6226    .text               mc_w.l(strcmp.o)
    0x0800039a   0x0800039a   0x0000001e   Code   RO         6510    .text               mc_w.l(llshl.o)
    0x080003b8   0x080003b8   0x00000020   Code   RO         6512    .text               mc_w.l(llushr.o)
    0x080003d8   0x080003d8   0x00000024   Code   RO         6525    .text               mc_w.l(init.o)
    0x080003fc   0x080003fc   0x000000ac   Code   RO          810    i.ADC_Enable        stm32g4xx_hal_adc.o
    0x080004a8   0x080004a8   0x00000002   Code   RO          666    i.BusFault_Handler  stm32g4xx_it.o
    0x080004aa   0x080004aa   0x00000002   Code   RO          667    i.DebugMon_Handler  stm32g4xx_it.o
    0x080004ac   0x080004ac   0x00000004   Code   RO          290    i.Error_Handler     main.o
    0x080004b0   0x080004b0   0x000000d8   Code   RO         1060    i.HAL_ADCEx_MultiModeConfigChannel  stm32g4xx_hal_adc_ex.o
    0x08000588   0x08000588   0x00000424   Code   RO          812    i.HAL_ADC_ConfigChannel  stm32g4xx_hal_adc.o
    0x080009ac   0x080009ac   0x00000006   Code   RO          819    i.HAL_ADC_GetValue  stm32g4xx_hal_adc.o
    0x080009b2   0x080009b2   0x00000002   PAD
    0x080009b4   0x080009b4   0x000001f4   Code   RO          821    i.HAL_ADC_Init      stm32g4xx_hal_adc.o
    0x08000ba8   0x08000ba8   0x000000d4   Code   RO          510    i.HAL_ADC_MspInit   adc.o
    0x08000c7c   0x08000c7c   0x000000fc   Code   RO          825    i.HAL_ADC_PollForConversion  stm32g4xx_hal_adc.o
    0x08000d78   0x08000d78   0x000000f4   Code   RO          827    i.HAL_ADC_Start     stm32g4xx_hal_adc.o
    0x08000e6c   0x08000e6c   0x0000006a   Code   RO         2106    i.HAL_DMA_Abort     stm32g4xx_hal_dma.o
    0x08000ed6   0x08000ed6   0x00000078   Code   RO         2107    i.HAL_DMA_Abort_IT  stm32g4xx_hal_dma.o
    0x08000f4e   0x08000f4e   0x00000002   PAD
    0x08000f50   0x08000f50   0x00000024   Code   RO         1259    i.HAL_Delay         stm32g4xx_hal.o
    0x08000f74   0x08000f74   0x00000248   Code   RO         1968    i.HAL_GPIO_Init     stm32g4xx_hal_gpio.o
    0x080011bc   0x080011bc   0x0000000a   Code   RO         1970    i.HAL_GPIO_ReadPin  stm32g4xx_hal_gpio.o
    0x080011c6   0x080011c6   0x0000000a   Code   RO         1972    i.HAL_GPIO_WritePin  stm32g4xx_hal_gpio.o
    0x080011d0   0x080011d0   0x0000000c   Code   RO         1263    i.HAL_GetTick       stm32g4xx_hal.o
    0x080011dc   0x080011dc   0x00000010   Code   RO         1269    i.HAL_IncTick       stm32g4xx_hal.o
    0x080011ec   0x080011ec   0x0000001e   Code   RO         1270    i.HAL_Init          stm32g4xx_hal.o
    0x0800120a   0x0800120a   0x00000002   PAD
    0x0800120c   0x0800120c   0x00000088   Code   RO          766    i.HAL_InitTick      stm32g4xx_hal_timebase_tim.o
    0x08001294   0x08001294   0x0000003c   Code   RO          742    i.HAL_MspInit       stm32g4xx_hal_msp.o
    0x080012d0   0x080012d0   0x0000001a   Code   RO         2615    i.HAL_NVIC_EnableIRQ  stm32g4xx_hal_cortex.o
    0x080012ea   0x080012ea   0x00000002   PAD
    0x080012ec   0x080012ec   0x00000040   Code   RO         2621    i.HAL_NVIC_SetPriority  stm32g4xx_hal_cortex.o
    0x0800132c   0x0800132c   0x00000024   Code   RO         2622    i.HAL_NVIC_SetPriorityGrouping  stm32g4xx_hal_cortex.o
    0x08001350   0x08001350   0x000000bc   Code   RO         2371    i.HAL_PWREx_ControlVoltageScaling  stm32g4xx_hal_pwr_ex.o
    0x0800140c   0x0800140c   0x00000010   Code   RO         2383    i.HAL_PWREx_DisableUCPDDeadBattery  stm32g4xx_hal_pwr_ex.o
    0x0800141c   0x0800141c   0x00000288   Code   RO         1630    i.HAL_RCCEx_PeriphCLKConfig  stm32g4xx_hal_rcc_ex.o
    0x080016a4   0x080016a4   0x000001dc   Code   RO         1505    i.HAL_RCC_ClockConfig  stm32g4xx_hal_rcc.o
    0x08001880   0x08001880   0x00000040   Code   RO         1510    i.HAL_RCC_GetClockConfig  stm32g4xx_hal_rcc.o
    0x080018c0   0x080018c0   0x00000024   Code   RO         1513    i.HAL_RCC_GetPCLK1Freq  stm32g4xx_hal_rcc.o
    0x080018e4   0x080018e4   0x00000024   Code   RO         1514    i.HAL_RCC_GetPCLK2Freq  stm32g4xx_hal_rcc.o
    0x08001908   0x08001908   0x0000006c   Code   RO         1515    i.HAL_RCC_GetSysClockFreq  stm32g4xx_hal_rcc.o
    0x08001974   0x08001974   0x00000404   Code   RO         1518    i.HAL_RCC_OscConfig  stm32g4xx_hal_rcc.o
    0x08001d78   0x08001d78   0x00000002   Code   RO         3461    i.HAL_TIMEx_Break2Callback  stm32g4xx_hal_tim_ex.o
    0x08001d7a   0x08001d7a   0x00000002   Code   RO         3462    i.HAL_TIMEx_BreakCallback  stm32g4xx_hal_tim_ex.o
    0x08001d7c   0x08001d7c   0x00000002   Code   RO         3463    i.HAL_TIMEx_CommutCallback  stm32g4xx_hal_tim_ex.o
    0x08001d7e   0x08001d7e   0x00000002   PAD
    0x08001d80   0x08001d80   0x0000009c   Code   RO         3466    i.HAL_TIMEx_ConfigBreakDeadTime  stm32g4xx_hal_tim_ex.o
    0x08001e1c   0x08001e1c   0x00000002   Code   RO         3474    i.HAL_TIMEx_DirectionChangeCallback  stm32g4xx_hal_tim_ex.o
    0x08001e1e   0x08001e1e   0x00000002   Code   RO         3488    i.HAL_TIMEx_EncoderIndexCallback  stm32g4xx_hal_tim_ex.o
    0x08001e20   0x08001e20   0x00000002   Code   RO         3502    i.HAL_TIMEx_IndexErrorCallback  stm32g4xx_hal_tim_ex.o
    0x08001e22   0x08001e22   0x00000002   PAD
    0x08001e24   0x08001e24   0x0000009c   Code   RO         3503    i.HAL_TIMEx_MasterConfigSynchronization  stm32g4xx_hal_tim_ex.o
    0x08001ec0   0x08001ec0   0x00000002   Code   RO         3524    i.HAL_TIMEx_TransitionErrorCallback  stm32g4xx_hal_tim_ex.o
    0x08001ec2   0x08001ec2   0x00000062   Code   RO         2747    i.HAL_TIM_Base_Init  stm32g4xx_hal_tim.o
    0x08001f24   0x08001f24   0x00000040   Code   RO          559    i.HAL_TIM_Base_MspInit  tim.o
    0x08001f64   0x08001f64   0x00000078   Code   RO         2752    i.HAL_TIM_Base_Start_IT  stm32g4xx_hal_tim.o
    0x08001fdc   0x08001fdc   0x00000100   Code   RO         2756    i.HAL_TIM_ConfigClockSource  stm32g4xx_hal_tim.o
    0x080020dc   0x080020dc   0x00000002   Code   RO         2781    i.HAL_TIM_IC_CaptureCallback  stm32g4xx_hal_tim.o
    0x080020de   0x080020de   0x000001a2   Code   RO         2795    i.HAL_TIM_IRQHandler  stm32g4xx_hal_tim.o
    0x08002280   0x08002280   0x00000078   Code   RO          560    i.HAL_TIM_MspPostInit  tim.o
    0x080022f8   0x080022f8   0x00000002   Code   RO         2798    i.HAL_TIM_OC_DelayElapsedCallback  stm32g4xx_hal_tim.o
    0x080022fa   0x080022fa   0x00000124   Code   RO         2819    i.HAL_TIM_PWM_ConfigChannel  stm32g4xx_hal_tim.o
    0x0800241e   0x0800241e   0x00000062   Code   RO         2822    i.HAL_TIM_PWM_Init  stm32g4xx_hal_tim.o
    0x08002480   0x08002480   0x00000002   Code   RO         2824    i.HAL_TIM_PWM_MspInit  stm32g4xx_hal_tim.o
    0x08002482   0x08002482   0x00000002   Code   RO         2825    i.HAL_TIM_PWM_PulseFinishedCallback  stm32g4xx_hal_tim.o
    0x08002484   0x08002484   0x000000fc   Code   RO         2827    i.HAL_TIM_PWM_Start  stm32g4xx_hal_tim.o
    0x08002580   0x08002580   0x000000ac   Code   RO         2830    i.HAL_TIM_PWM_Stop  stm32g4xx_hal_tim.o
    0x0800262c   0x0800262c   0x0000000e   Code   RO          291    i.HAL_TIM_PeriodElapsedCallback  main.o
    0x0800263a   0x0800263a   0x00000002   Code   RO         2838    i.HAL_TIM_TriggerCallback  stm32g4xx_hal_tim.o
    0x0800263c   0x0800263c   0x0000003e   Code   RO         4310    i.HAL_UARTEx_DisableFifoMode  stm32g4xx_hal_uart_ex.o
    0x0800267a   0x0800267a   0x00000002   Code   RO         3899    i.HAL_UARTEx_RxEventCallback  stm32g4xx_hal_uart.o
    0x0800267c   0x0800267c   0x00000002   Code   RO         4318    i.HAL_UARTEx_RxFifoFullCallback  stm32g4xx_hal_uart_ex.o
    0x0800267e   0x0800267e   0x0000004c   Code   RO         4319    i.HAL_UARTEx_SetRxFifoThreshold  stm32g4xx_hal_uart_ex.o
    0x080026ca   0x080026ca   0x0000004c   Code   RO         4320    i.HAL_UARTEx_SetTxFifoThreshold  stm32g4xx_hal_uart_ex.o
    0x08002716   0x08002716   0x00000002   Code   RO         4322    i.HAL_UARTEx_TxFifoEmptyCallback  stm32g4xx_hal_uart_ex.o
    0x08002718   0x08002718   0x00000002   Code   RO         4323    i.HAL_UARTEx_WakeupCallback  stm32g4xx_hal_uart_ex.o
    0x0800271a   0x0800271a   0x00000002   Code   RO         3915    i.HAL_UART_ErrorCallback  stm32g4xx_hal_uart.o
    0x0800271c   0x0800271c   0x0000030c   Code   RO         3918    i.HAL_UART_IRQHandler  stm32g4xx_hal_uart.o
    0x08002a28   0x08002a28   0x0000006a   Code   RO         3919    i.HAL_UART_Init     stm32g4xx_hal_uart.o
    0x08002a92   0x08002a92   0x00000002   PAD
    0x08002a94   0x08002a94   0x00000148   Code   RO          613    i.HAL_UART_MspInit  usart.o
    0x08002bdc   0x08002bdc   0x000000e8   Code   RO         3922    i.HAL_UART_Receive  stm32g4xx_hal_uart.o
    0x08002cc4   0x08002cc4   0x00000048   Code   RO         3924    i.HAL_UART_Receive_IT  stm32g4xx_hal_uart.o
    0x08002d0c   0x08002d0c   0x00000028   Code   RO          407    i.HAL_UART_RxCpltCallback  app_freertos.o
    0x08002d34   0x08002d34   0x000000ae   Code   RO         3928    i.HAL_UART_Transmit  stm32g4xx_hal_uart.o
    0x08002de2   0x08002de2   0x00000002   Code   RO         3931    i.HAL_UART_TxCpltCallback  stm32g4xx_hal_uart.o
    0x08002de4   0x08002de4   0x00000002   Code   RO          668    i.HardFault_Handler  stm32g4xx_it.o
    0x08002de6   0x08002de6   0x00000002   PAD
    0x08002de8   0x08002de8   0x00000044   Code   RO           13    i.I2C_Start         oled.o
    0x08002e2c   0x08002e2c   0x00000034   Code   RO           14    i.I2C_Stop          oled.o
    0x08002e60   0x08002e60   0x00000038   Code   RO           15    i.I2C_WaitAck       oled.o
    0x08002e98   0x08002e98   0x0000000a   Code   RO           16    i.IIC_delay         oled.o
    0x08002ea2   0x08002ea2   0x0000000c   Code   RO          835    i.LL_ADC_GetOffsetChannel  stm32g4xx_hal_adc.o
    0x08002eae   0x08002eae   0x00000008   Code   RO          836    i.LL_ADC_INJ_IsConversionOngoing  stm32g4xx_hal_adc.o
    0x08002eb6   0x08002eb6   0x00000008   Code   RO          837    i.LL_ADC_REG_IsConversionOngoing  stm32g4xx_hal_adc.o
    0x08002ebe   0x08002ebe   0x00000008   Code   RO         1070    i.LL_ADC_REG_IsConversionOngoing  stm32g4xx_hal_adc_ex.o
    0x08002ec6   0x08002ec6   0x00000010   Code   RO          838    i.LL_ADC_REG_IsTriggerSourceSWStart  stm32g4xx_hal_adc.o
    0x08002ed6   0x08002ed6   0x0000001e   Code   RO          840    i.LL_ADC_SetChannelSamplingTime  stm32g4xx_hal_adc.o
    0x08002ef4   0x08002ef4   0x00000010   Code   RO          841    i.LL_ADC_SetOffsetState  stm32g4xx_hal_adc.o
    0x08002f04   0x08002f04   0x00000090   Code   RO          511    i.MX_ADC1_Init      adc.o
    0x08002f94   0x08002f94   0x0000007c   Code   RO          512    i.MX_ADC2_Init      adc.o
    0x08003010   0x08003010   0x00000098   Code   RO          408    i.MX_FREERTOS_Init  app_freertos.o
    0x080030a8   0x080030a8   0x000000b8   Code   RO          383    i.MX_GPIO_Init      gpio.o
    0x08003160   0x08003160   0x000000dc   Code   RO          561    i.MX_TIM1_Init      tim.o
    0x0800323c   0x0800323c   0x0000009c   Code   RO          562    i.MX_TIM3_Init      tim.o
    0x080032d8   0x080032d8   0x00000068   Code   RO          614    i.MX_USART1_UART_Init  usart.o
    0x08003340   0x08003340   0x00000068   Code   RO          615    i.MX_USART2_UART_Init  usart.o
    0x080033a8   0x080033a8   0x00000068   Code   RO          616    i.MX_USART3_UART_Init  usart.o
    0x08003410   0x08003410   0x00000002   Code   RO          669    i.MemManage_Handler  stm32g4xx_it.o
    0x08003412   0x08003412   0x00000002   Code   RO          670    i.NMI_Handler       stm32g4xx_it.o
    0x08003414   0x08003414   0x0000002c   Code   RO           17    i.OLED_Clear        oled.o
    0x08003440   0x08003440   0x0000002c   Code   RO           24    i.OLED_DrawPoint    oled.o
    0x0800346c   0x0800346c   0x0000013c   Code   RO           25    i.OLED_Init         oled.o
    0x080035a8   0x080035a8   0x00000068   Code   RO           27    i.OLED_Refresh      oled.o
    0x08003610   0x08003610   0x000000e4   Code   RO           29    i.OLED_ShowChar     oled.o
    0x080036f4   0x080036f4   0x000000d0   Code   RO           30    i.OLED_ShowChinese  oled.o
    0x080037c4   0x080037c4   0x0000003c   Code   RO           33    i.OLED_ShowString   oled.o
    0x08003800   0x08003800   0x00000036   Code   RO           34    i.OLED_WR_Byte      oled.o
    0x08003836   0x08003836   0x00000002   PAD
    0x08003838   0x08003838   0x00000054   Code   RO           35    i.Send_Byte         oled.o
    0x0800388c   0x0800388c   0x00000034   Code   RO          409    i.StartDefaultTask  app_freertos.o
    0x080038c0   0x080038c0   0x00000044   Code   RO          410    i.StartTask02       app_freertos.o
    0x08003904   0x08003904   0x00000198   Code   RO          411    i.StartTask03       app_freertos.o
    0x08003a9c   0x08003a9c   0x000000c4   Code   RO          412    i.StartTask04       app_freertos.o
    0x08003b60   0x08003b60   0x00000118   Code   RO          413    i.StartTask05       app_freertos.o
    0x08003c78   0x08003c78   0x00000164   Code   RO          414    i.StartTask06       app_freertos.o
    0x08003ddc   0x08003ddc   0x000000fc   Code   RO          415    i.StartTask07       app_freertos.o
    0x08003ed8   0x08003ed8   0x0000001a   Code   RO         5570    i.SysTick_Handler   cmsis_os2.o
    0x08003ef2   0x08003ef2   0x00000066   Code   RO          292    i.SystemClock_Config  main.o
    0x08003f58   0x08003f58   0x00000010   Code   RO         4429    i.SystemInit        system_stm32g4xx.o
    0x08003f68   0x08003f68   0x0000000c   Code   RO          671    i.TIM2_IRQHandler   stm32g4xx_it.o
    0x08003f74   0x08003f74   0x000000bc   Code   RO         2840    i.TIM_Base_SetConfig  stm32g4xx_hal_tim.o
    0x08004030   0x08004030   0x0000001a   Code   RO         2841    i.TIM_CCxChannelCmd  stm32g4xx_hal_tim.o
    0x0800404a   0x0800404a   0x00000014   Code   RO         2851    i.TIM_ETR_SetConfig  stm32g4xx_hal_tim.o
    0x0800405e   0x0800405e   0x00000002   PAD
    0x08004060   0x08004060   0x00000014   Code   RO         2852    i.TIM_ITRx_SetConfig  stm32g4xx_hal_tim.o
    0x08004074   0x08004074   0x0000009c   Code   RO         2853    i.TIM_OC1_SetConfig  stm32g4xx_hal_tim.o
    0x08004110   0x08004110   0x00000090   Code   RO         2854    i.TIM_OC2_SetConfig  stm32g4xx_hal_tim.o
    0x080041a0   0x080041a0   0x00000090   Code   RO         2855    i.TIM_OC3_SetConfig  stm32g4xx_hal_tim.o
    0x08004230   0x08004230   0x00000090   Code   RO         2856    i.TIM_OC4_SetConfig  stm32g4xx_hal_tim.o
    0x080042c0   0x080042c0   0x00000070   Code   RO         2857    i.TIM_OC5_SetConfig  stm32g4xx_hal_tim.o
    0x08004330   0x08004330   0x00000070   Code   RO         2858    i.TIM_OC6_SetConfig  stm32g4xx_hal_tim.o
    0x080043a0   0x080043a0   0x00000022   Code   RO         2860    i.TIM_TI1_ConfigInputStage  stm32g4xx_hal_tim.o
    0x080043c2   0x080043c2   0x00000024   Code   RO         2862    i.TIM_TI2_ConfigInputStage  stm32g4xx_hal_tim.o
    0x080043e6   0x080043e6   0x00000002   PAD
    0x080043e8   0x080043e8   0x00000044   Code   RO         4324    i.UARTEx_SetNbDataToProcess  stm32g4xx_hal_uart_ex.o
    0x0800442c   0x0800442c   0x000000c8   Code   RO         3933    i.UART_AdvFeatureConfig  stm32g4xx_hal_uart.o
    0x080044f4   0x080044f4   0x000000ac   Code   RO         3934    i.UART_CheckIdleState  stm32g4xx_hal_uart.o
    0x080045a0   0x080045a0   0x00000014   Code   RO         3935    i.UART_DMAAbortOnError  stm32g4xx_hal_uart.o
    0x080045b4   0x080045b4   0x00000054   Code   RO         3945    i.UART_EndRxTransfer  stm32g4xx_hal_uart.o
    0x08004608   0x08004608   0x000000c8   Code   RO         3947    i.UART_RxISR_16BIT  stm32g4xx_hal_uart.o
    0x080046d0   0x080046d0   0x000001a0   Code   RO         3948    i.UART_RxISR_16BIT_FIFOEN  stm32g4xx_hal_uart.o
    0x08004870   0x08004870   0x000000c8   Code   RO         3949    i.UART_RxISR_8BIT   stm32g4xx_hal_uart.o
    0x08004938   0x08004938   0x000001a0   Code   RO         3950    i.UART_RxISR_8BIT_FIFOEN  stm32g4xx_hal_uart.o
    0x08004ad8   0x08004ad8   0x00000274   Code   RO         3951    i.UART_SetConfig    stm32g4xx_hal_uart.o
    0x08004d4c   0x08004d4c   0x00000110   Code   RO         3953    i.UART_Start_Receive_IT  stm32g4xx_hal_uart.o
    0x08004e5c   0x08004e5c   0x00000094   Code   RO         3958    i.UART_WaitOnFlagUntilTimeout  stm32g4xx_hal_uart.o
    0x08004ef0   0x08004ef0   0x0000000c   Code   RO          672    i.USART2_IRQHandler  stm32g4xx_it.o
    0x08004efc   0x08004efc   0x0000000c   Code   RO          673    i.USART3_IRQHandler  stm32g4xx_it.o
    0x08004f08   0x08004f08   0x00000002   Code   RO          674    i.UsageFault_Handler  stm32g4xx_it.o
    0x08004f0a   0x08004f0a   0x00000002   PAD
    0x08004f0c   0x08004f0c   0x00000020   Code   RO         6437    i.__0printf$8       mc_w.l(printf8.o)
    0x08004f2c   0x08004f2c   0x00000028   Code   RO         6439    i.__0sprintf$8      mc_w.l(printf8.o)
    0x08004f54   0x08004f54   0x00000020   Code   RO         2628    i.__NVIC_SetPriority  stm32g4xx_hal_cortex.o
    0x08004f74   0x08004f74   0x0000000e   Code   RO         6533    i.__scatterload_copy  mc_w.l(handlers.o)
    0x08004f82   0x08004f82   0x00000002   Code   RO         6534    i.__scatterload_null  mc_w.l(handlers.o)
    0x08004f84   0x08004f84   0x0000000e   Code   RO         6535    i.__scatterload_zeroinit  mc_w.l(handlers.o)
    0x08004f92   0x08004f92   0x00000002   PAD
    0x08004f94   0x08004f94   0x00000404   Code   RO         6444    i._printf_core      mc_w.l(printf8.o)
    0x08005398   0x08005398   0x00000024   Code   RO         6445    i._printf_post_padding  mc_w.l(printf8.o)
    0x080053bc   0x080053bc   0x0000002e   Code   RO         6446    i._printf_pre_padding  mc_w.l(printf8.o)
    0x080053ea   0x080053ea   0x0000000a   Code   RO         6448    i._sputc            mc_w.l(printf8.o)
    0x080053f4   0x080053f4   0x00000018   Code   RO          416    i.fputc             app_freertos.o
    0x0800540c   0x0800540c   0x00000036   Code   RO          293    i.main              main.o
    0x08005442   0x08005442   0x0000001a   Code   RO         5572    i.osDelay           cmsis_os2.o
    0x0800545c   0x0800545c   0x00000024   Code   RO         5586    i.osKernelInitialize  cmsis_os2.o
    0x08005480   0x08005480   0x00000038   Code   RO         5589    i.osKernelStart     cmsis_os2.o
    0x080054b8   0x080054b8   0x00000064   Code   RO         5601    i.osMessageQueueGet  cmsis_os2.o
    0x0800551c   0x0800551c   0x00000058   Code   RO         5606    i.osMessageQueueNew  cmsis_os2.o
    0x08005574   0x08005574   0x0000008a   Code   RO         5631    i.osThreadNew       cmsis_os2.o
    0x080055fe   0x080055fe   0x00000002   PAD
    0x08005600   0x08005600   0x0000005c   Code   RO         5031    i.prvAddCurrentTaskToDelayedList  tasks.o
    0x0800565c   0x0800565c   0x000000d0   Code   RO         5032    i.prvAddNewTaskToReadyList  tasks.o
    0x0800572c   0x0800572c   0x00000058   Code   RO         5396    i.prvCheckForValidListAndQueue  timers.o
    0x08005784   0x08005784   0x00000026   Code   RO         4628    i.prvCopyDataFromQueue  queue.o
    0x080057aa   0x080057aa   0x0000006c   Code   RO         4629    i.prvCopyDataToQueue  queue.o
    0x08005816   0x08005816   0x00000034   Code   RO         5033    i.prvDeleteTCB      tasks.o
    0x0800584a   0x0800584a   0x00000002   PAD
    0x0800584c   0x0800584c   0x00000048   Code   RO         6083    i.prvHeapInit       heap_4.o
    0x08005894   0x08005894   0x00000060   Code   RO         5034    i.prvIdleTask       tasks.o
    0x080058f4   0x080058f4   0x00000022   Code   RO         4631    i.prvInitialiseNewQueue  queue.o
    0x08005916   0x08005916   0x00000002   PAD
    0x08005918   0x08005918   0x000000b0   Code   RO         5035    i.prvInitialiseNewTask  tasks.o
    0x080059c8   0x080059c8   0x0000004c   Code   RO         6084    i.prvInsertBlockIntoFreeList  heap_4.o
    0x08005a14   0x08005a14   0x00000038   Code   RO         5398    i.prvInsertTimerInActiveList  timers.o
    0x08005a4c   0x08005a4c   0x0000001c   Code   RO         4632    i.prvIsQueueEmpty   queue.o
    0x08005a68   0x08005a68   0x000000fc   Code   RO         5399    i.prvProcessReceivedCommands  timers.o
    0x08005b64   0x08005b64   0x000000c0   Code   RO         5400    i.prvProcessTimerOrBlockTask  timers.o
    0x08005c24   0x08005c24   0x00000020   Code   RO         5037    i.prvResetNextTaskUnblockTime  tasks.o
    0x08005c44   0x08005c44   0x00000028   Code   RO         5401    i.prvSampleTimeNow  timers.o
    0x08005c6c   0x08005c6c   0x0000006c   Code   RO         5402    i.prvSwitchTimerLists  timers.o
    0x08005cd8   0x08005cd8   0x00000028   Code   RO         6139    i.prvTaskExitError  port.o
    0x08005d00   0x08005d00   0x00000024   Code   RO         5403    i.prvTimerTask      timers.o
    0x08005d24   0x08005d24   0x0000006a   Code   RO         4633    i.prvUnlockQueue    queue.o
    0x08005d8e   0x08005d8e   0x00000002   PAD
    0x08005d90   0x08005d90   0x000000dc   Code   RO         6085    i.pvPortMalloc      heap_4.o
    0x08005e6c   0x08005e6c   0x0000002c   Code   RO         6140    i.pxPortInitialiseStack  port.o
    0x08005e98   0x08005e98   0x00000068   Code   RO         5041    i.ulTaskNotifyTake  tasks.o
    0x08005f00   0x08005f00   0x00000026   Code   RO         4588    i.uxListRemove      list.o
    0x08005f26   0x08005f26   0x00000002   PAD
    0x08005f28   0x08005f28   0x00000014   Code   RO         5643    i.vApplicationGetIdleTaskMemory  cmsis_os2.o
    0x08005f3c   0x08005f3c   0x00000018   Code   RO         5644    i.vApplicationGetTimerTaskMemory  cmsis_os2.o
    0x08005f54   0x08005f54   0x00000016   Code   RO         4589    i.vListInitialise   list.o
    0x08005f6a   0x08005f6a   0x00000006   Code   RO         4590    i.vListInitialiseItem  list.o
    0x08005f70   0x08005f70   0x00000030   Code   RO         4591    i.vListInsert       list.o
    0x08005fa0   0x08005fa0   0x00000018   Code   RO         4592    i.vListInsertEnd    list.o
    0x08005fb8   0x08005fb8   0x00000040   Code   RO         6142    i.vPortEnterCritical  port.o
    0x08005ff8   0x08005ff8   0x00000028   Code   RO         6143    i.vPortExitCritical  port.o
    0x08006020   0x08006020   0x00000064   Code   RO         6086    i.vPortFree         heap_4.o
    0x08006084   0x08006084   0x00000024   Code   RO         6144    i.vPortSetupTimerInterrupt  port.o
    0x080060a8   0x080060a8   0x00000054   Code   RO         6145    i.vPortValidateInterruptPriority  port.o
    0x080060fc   0x080060fc   0x00000028   Code   RO         4639    i.vQueueAddToRegistry  queue.o
    0x08006124   0x08006124   0x00000044   Code   RO         4643    i.vQueueWaitForMessageRestricted  queue.o
    0x08006168   0x08006168   0x0000004c   Code   RO         5050    i.vTaskDelay        tasks.o
    0x080061b4   0x080061b4   0x00000010   Code   RO         5055    i.vTaskInternalSetTimeOutState  tasks.o
    0x080061c4   0x080061c4   0x0000000c   Code   RO         5056    i.vTaskMissedYield  tasks.o
    0x080061d0   0x080061d0   0x000000b0   Code   RO         5057    i.vTaskNotifyGiveFromISR  tasks.o
    0x08006280   0x08006280   0x00000030   Code   RO         5058    i.vTaskPlaceOnEventList  tasks.o
    0x080062b0   0x080062b0   0x00000038   Code   RO         5059    i.vTaskPlaceOnEventListRestricted  tasks.o
    0x080062e8   0x080062e8   0x00000088   Code   RO         5067    i.vTaskStartScheduler  tasks.o
    0x08006370   0x08006370   0x00000010   Code   RO         5069    i.vTaskSuspendAll   tasks.o
    0x08006380   0x08006380   0x00000064   Code   RO         5070    i.vTaskSwitchContext  tasks.o
    0x080063e4   0x080063e4   0x000000f4   Code   RO         6146    i.xPortStartScheduler  port.o
    0x080064d8   0x080064d8   0x0000002c   Code   RO         6147    i.xPortSysTickHandler  port.o
    0x08006504   0x08006504   0x00000042   Code   RO         4648    i.xQueueGenericCreate  queue.o
    0x08006546   0x08006546   0x00000066   Code   RO         4649    i.xQueueGenericCreateStatic  queue.o
    0x080065ac   0x080065ac   0x00000088   Code   RO         4650    i.xQueueGenericReset  queue.o
    0x08006634   0x08006634   0x00000160   Code   RO         4651    i.xQueueGenericSend  queue.o
    0x08006794   0x08006794   0x000000be   Code   RO         4652    i.xQueueGenericSendFromISR  queue.o
    0x08006852   0x08006852   0x00000002   PAD
    0x08006854   0x08006854   0x00000138   Code   RO         4661    i.xQueueReceive     queue.o
    0x0800698c   0x0800698c   0x0000009a   Code   RO         4662    i.xQueueReceiveFromISR  queue.o
    0x08006a26   0x08006a26   0x00000002   PAD
    0x08006a28   0x08006a28   0x00000074   Code   RO         5072    i.xTaskCheckForTimeOut  tasks.o
    0x08006a9c   0x08006a9c   0x0000005a   Code   RO         5073    i.xTaskCreate       tasks.o
    0x08006af6   0x08006af6   0x00000056   Code   RO         5074    i.xTaskCreateStatic  tasks.o
    0x08006b4c   0x08006b4c   0x0000001c   Code   RO         5078    i.xTaskGetSchedulerState  tasks.o
    0x08006b68   0x08006b68   0x0000000c   Code   RO         5079    i.xTaskGetTickCount  tasks.o
    0x08006b74   0x08006b74   0x000000c8   Code   RO         5081    i.xTaskIncrementTick  tasks.o
    0x08006c3c   0x08006c3c   0x00000080   Code   RO         5084    i.xTaskPriorityDisinherit  tasks.o
    0x08006cbc   0x08006cbc   0x00000070   Code   RO         5086    i.xTaskRemoveFromEventList  tasks.o
    0x08006d2c   0x08006d2c   0x000000c4   Code   RO         5087    i.xTaskResumeAll    tasks.o
    0x08006df0   0x08006df0   0x00000060   Code   RO         5412    i.xTimerCreateTimerTask  timers.o
    0x08006e50   0x08006e50   0x00000068   Code   RO         5413    i.xTimerGenericCommand  timers.o
    0x08006eb8   0x08006eb8   0x00001ed0   Data   RO           37    .constdata          oled.o
    0x08008d88   0x08008d88   0x00000114   Data   RO          418    .constdata          app_freertos.o
    0x08008e9c   0x08008e9c   0x00000018   Data   RO         3959    .constdata          stm32g4xx_hal_uart.o
    0x08008eb4   0x08008eb4   0x00000010   Data   RO         4325    .constdata          stm32g4xx_hal_uart_ex.o
    0x08008ec4   0x08008ec4   0x00000010   Data   RO         4430    .constdata          system_stm32g4xx.o
    0x08008ed4   0x08008ed4   0x00000008   Data   RO         4431    .constdata          system_stm32g4xx.o
    0x08008edc   0x08008edc   0x00000060   Data   RO          419    .conststring        app_freertos.o
    0x08008f3c   0x08008f3c   0x00000020   Data   RO         6531    Region$$Table       anon$$obj.o


    Execution Region RW_IRAM1 (Exec base: 0x20000000, Load base: 0x08008f5c, Size: 0x000040e0, Max: 0x00008000, ABSOLUTE)

    Exec Addr    Load Addr    Size         Type   Attr      Idx    E Section Name        Object

    0x20000000   0x08008f5c   0x0000002c   Data   RW          420    .data               app_freertos.o
    0x2000002c   0x08008f88   0x00000004   Data   RW          514    .data               adc.o
    0x20000030   0x08008f8c   0x0000000c   Data   RW         1290    .data               stm32g4xx_hal.o
    0x2000003c   0x08008f98   0x00000004   Data   RW         4432    .data               system_stm32g4xx.o
    0x20000040   0x08008f9c   0x0000003c   Data   RW         5090    .data               tasks.o
    0x2000007c   0x08008fd8   0x00000014   Data   RW         5421    .data               timers.o
    0x20000090   0x08008fec   0x00000004   Data   RW         5646    .data               cmsis_os2.o
    0x20000094   0x08008ff0   0x00000020   Data   RW         6092    .data               heap_4.o
    0x200000b4   0x08009010   0x0000000c   Data   RW         6148    .data               port.o
    0x200000c0   0x0800901c   0x00000004   Data   RW         6507    .data               mc_w.l(stdout.o)
    0x200000c4        -       0x00000480   Zero   RW           36    .bss                oled.o
    0x20000544        -       0x0000003c   Zero   RW          417    .bss                app_freertos.o
    0x20000580        -       0x000000d8   Zero   RW          513    .bss                adc.o
    0x20000658        -       0x00000098   Zero   RW          563    .bss                tim.o
    0x200006f0        -       0x000001bc   Zero   RW          617    .bss                usart.o
    0x200008ac        -       0x0000004c   Zero   RW          769    .bss                stm32g4xx_hal_timebase_tim.o
    0x200008f8        -       0x00000040   Zero   RW         4665    .bss                queue.o
    0x20000938        -       0x000004c4   Zero   RW         5089    .bss                tasks.o
    0x20000dfc        -       0x00000118   Zero   RW         5420    .bss                timers.o
    0x20000f14        -       0x000006b8   Zero   RW         5645    .bss                cmsis_os2.o
    0x200015cc        -       0x00002710   Zero   RW         6091    .bss                heap_4.o
    0x20003cdc   0x08009020   0x00000004   PAD
    0x20003ce0        -       0x00000400   Zero   RW            1    STACK               startup_stm32g431xx.o


==============================================================================

Image component sizes


      Code (inc. data)   RO Data    RW Data    ZI Data      Debug   Object Name

       480         34          0          4        216       2726   adc.o
      1828        368        372         44         60       9461   app_freertos.o
       514         26          0          4       1720      67595   cmsis_os2.o
         0          0          0          0          0      18056   event_groups.o
       184         12          0          0          0       1015   gpio.o
       468         22          0         32      10000       4963   heap_4.o
       138          0          0          0          0       3642   list.o
       174          0          0          0          0      13460   main.o
      1328         64       7888          0       1152     689776   oled.o
       786         82          0         12          0      11701   port.o
      1734         20          0          0         64      20161   queue.o
        36          8        472          0       1024        852   startup_stm32g431xx.o
        94         14          0         12          0       3734   stm32g4xx_hal.o
      2324        130          0          0          0      78419   stm32g4xx_hal_adc.o
       224          8          0          0          0      68135   stm32g4xx_hal_adc_ex.o
       158         14          0          0          0      33130   stm32g4xx_hal_cortex.o
       226          0          0          0          0       1987   stm32g4xx_hal_dma.o
       604         34          0          0          0       3067   stm32g4xx_hal_gpio.o
        60          6          0          0          0        902   stm32g4xx_hal_msp.o
       204         18          0          0          0       1437   stm32g4xx_hal_pwr_ex.o
      1748         98          0          0          0       7037   stm32g4xx_hal_rcc.o
       648         10          0          0          0       1908   stm32g4xx_hal_rcc_ex.o
      2852        278          0          0          0      20097   stm32g4xx_hal_tim.o
       326         32          0          0          0       6472   stm32g4xx_hal_tim_ex.o
       136         18          0          0         76       1471   stm32g4xx_hal_timebase_tim.o
      4126        140         24          0          0      38697   stm32g4xx_hal_uart.o
       288          6         16          0          0       5498   stm32g4xx_hal_uart_ex.o
        48         18          0          0          0       4331   stm32g4xx_it.o
         0          0          0          0          0        392   stream_buffer.o
        16          4         24          4          0       1175   system_stm32g4xx.o
      2364        190          0         60       1220      29428   tasks.o
       560         46          0          0        152       3381   tim.o
       972         80          0         20        280      32387   timers.o
       640         52          0          0        444       3404   usart.o

    ----------------------------------------------------------------------
     26328       1832       8828        192      16412    1189897   Object Totals
         0          0         32          0          0          0   (incl. Generated)
        40          0          0          0          4          0   (incl. Padding)

    ----------------------------------------------------------------------

      Code (inc. data)   RO Data    RW Data    ZI Data      Debug   Library Member Name

         0          0          0          0          0          0   entry.o
         0          0          0          0          0          0   entry10a.o
         0          0          0          0          0          0   entry11a.o
         4          0          0          0          0          0   entry12b.o
         8          4          0          0          0          0   entry2.o
         4          0          0          0          0          0   entry5.o
         0          0          0          0          0          0   entry7b.o
         0          0          0          0          0          0   entry8b.o
         8          4          0          0          0          0   entry9a.o
        30          0          0          0          0          0   handlers.o
        36          8          0          0          0         68   init.o
        30          0          0          0          0         68   llshl.o
        32          0          0          0          0         68   llushr.o
        36          0          0          0          0         68   memcpya.o
        36          0          0          0          0        108   memseta.o
      1192         60          0          0          0        504   printf8.o
         0          0          0          4          0          0   stdout.o
        28          0          0          0          0         76   strcmp.o
        98          0          0          0          0         92   uldiv.o

    ----------------------------------------------------------------------
      1544         76          0          4          0       1052   Library Totals
         2          0          0          0          0          0   (incl. Padding)

    ----------------------------------------------------------------------

      Code (inc. data)   RO Data    RW Data    ZI Data      Debug   Library Name

      1542         76          0          4          0       1052   mc_w.l

    ----------------------------------------------------------------------
      1544         76          0          4          0       1052   Library Totals

    ----------------------------------------------------------------------

==============================================================================


      Code (inc. data)   RO Data    RW Data    ZI Data      Debug   

     27872       1908       8828        196      16412    1169133   Grand Totals
     27872       1908       8828        196      16412    1169133   ELF Image Totals
     27872       1908       8828        196          0          0   ROM Totals

==============================================================================

    Total RO  Size (Code + RO Data)                36700 (  35.84kB)
    Total RW  Size (RW Data + ZI Data)             16608 (  16.22kB)
    Total ROM Size (Code + RO Data + RW Data)      36896 (  36.03kB)

==============================================================================

